Component: Arm Compiler for Embedded 6.22 Tool: armlink [5ee90200]

==============================================================================

Section Cross References

    startup.o(RESET) refers to startup.o(STACK) for StackMem
    startup.o(RESET) refers to uart.o(.text.UART0_Handler) for UART0_Handler
    startup.o(RESET) refers to esp8266.o(.text.UART1_Handler) for UART1_Handler
    startup.o(RESET) refers to entry.o(.ARM.Collect$$$$00000000) for __main
    main.o(.ARM.exidx.text.PortF_Init) refers to main.o(.text.PortF_Init) for [Anonymous Symbol]
    main.o(.text.main) refers to startup.o(.text) for DisableInterrupts
    main.o(.text.main) refers to pll.o(.text.PLL_Init) for PLL_Init
    main.o(.text.main) refers to led.o(.text.LED_Init) for LED_Init
    main.o(.text.main) refers to uart.o(.text.Output_Init) for Output_Init
    main.o(.text.main) refers to main.o(.text.PortF_Init) for PortF_Init
    main.o(.text.main) refers to main.o(.rodata.str1.1) for .L.str
    main.o(.text.main) refers to printfa.o(i.__0printf) for printf
    main.o(.text.main) refers to esp8266.o(.text.ESP8266_Init) for ESP8266_Init
    main.o(.text.main) refers to esp8266.o(.text.ESP8266_GetVersionNumber) for ESP8266_GetVersionNumber
    main.o(.text.main) refers to esp8266.o(.text.ESP8266_GetStatus) for ESP8266_GetStatus
    main.o(.text.main) refers to esp8266.o(.text.ESP8266_MakeTCPConnection) for ESP8266_MakeTCPConnection
    main.o(.text.main) refers to led.o(.text.LED_GreenOn) for LED_GreenOn
    main.o(.text.main) refers to main.o(.bss.TXBuffer1) for TXBuffer1
    main.o(.text.main) refers to printfa.o(i.__0sprintf) for sprintf
    main.o(.text.main) refers to esp8266.o(.text.ESP8266_SendTCP) for ESP8266_SendTCP
    main.o(.text.main) refers to uart.o(.text.UART_OutString) for UART_OutString
    main.o(.text.main) refers to led.o(.text.LED_RedOn) for LED_RedOn
    main.o(.text.main) refers to esp8266.o(.text.ESP8266_CloseTCPConnection) for ESP8266_CloseTCPConnection
    main.o(.text.main) refers to led.o(.text.LED_GreenOff) for LED_GreenOff
    main.o(.text.main) refers to led.o(.text.LED_RedOff) for LED_RedOff
    main.o(.ARM.exidx.text.main) refers to main.o(.text.main) for [Anonymous Symbol]
    pll.o(.ARM.exidx.text.PLL_Init) refers to pll.o(.text.PLL_Init) for [Anonymous Symbol]
    uart.o(.text.RxFifo_Init) refers to startup.o(.text) for StartCritical
    uart.o(.text.RxFifo_Init) refers to uart.o(.bss.RxGetI) for RxGetI
    uart.o(.text.RxFifo_Init) refers to uart.o(.bss.RxPutI) for RxPutI
    uart.o(.ARM.exidx.text.RxFifo_Init) refers to uart.o(.text.RxFifo_Init) for [Anonymous Symbol]
    uart.o(.text.RxFifo_Put) refers to uart.o(.bss.RxPutI) for RxPutI
    uart.o(.text.RxFifo_Put) refers to uart.o(.bss.RxGetI) for RxGetI
    uart.o(.text.RxFifo_Put) refers to uart.o(.bss.RxFifo) for RxFifo
    uart.o(.ARM.exidx.text.RxFifo_Put) refers to uart.o(.text.RxFifo_Put) for [Anonymous Symbol]
    uart.o(.text.RxFifo_Get) refers to uart.o(.bss.RxPutI) for RxPutI
    uart.o(.text.RxFifo_Get) refers to uart.o(.bss.RxGetI) for RxGetI
    uart.o(.text.RxFifo_Get) refers to uart.o(.bss.RxFifo) for RxFifo
    uart.o(.ARM.exidx.text.RxFifo_Get) refers to uart.o(.text.RxFifo_Get) for [Anonymous Symbol]
    uart.o(.text.RxFifo_Size) refers to uart.o(.bss.RxPutI) for RxPutI
    uart.o(.text.RxFifo_Size) refers to uart.o(.bss.RxGetI) for RxGetI
    uart.o(.ARM.exidx.text.RxFifo_Size) refers to uart.o(.text.RxFifo_Size) for [Anonymous Symbol]
    uart.o(.text.TxFifo_Init) refers to startup.o(.text) for StartCritical
    uart.o(.text.TxFifo_Init) refers to uart.o(.bss.TxGetI) for TxGetI
    uart.o(.text.TxFifo_Init) refers to uart.o(.bss.TxPutI) for TxPutI
    uart.o(.ARM.exidx.text.TxFifo_Init) refers to uart.o(.text.TxFifo_Init) for [Anonymous Symbol]
    uart.o(.text.TxFifo_Put) refers to uart.o(.bss.TxPutI) for TxPutI
    uart.o(.text.TxFifo_Put) refers to uart.o(.bss.TxGetI) for TxGetI
    uart.o(.text.TxFifo_Put) refers to uart.o(.bss.TxFifo) for TxFifo
    uart.o(.ARM.exidx.text.TxFifo_Put) refers to uart.o(.text.TxFifo_Put) for [Anonymous Symbol]
    uart.o(.text.TxFifo_Get) refers to uart.o(.bss.TxPutI) for TxPutI
    uart.o(.text.TxFifo_Get) refers to uart.o(.bss.TxGetI) for TxGetI
    uart.o(.text.TxFifo_Get) refers to uart.o(.bss.TxFifo) for TxFifo
    uart.o(.ARM.exidx.text.TxFifo_Get) refers to uart.o(.text.TxFifo_Get) for [Anonymous Symbol]
    uart.o(.text.TxFifo_Size) refers to uart.o(.bss.TxPutI) for TxPutI
    uart.o(.text.TxFifo_Size) refers to uart.o(.bss.TxGetI) for TxGetI
    uart.o(.ARM.exidx.text.TxFifo_Size) refers to uart.o(.text.TxFifo_Size) for [Anonymous Symbol]
    uart.o(.text.UART_Init) refers to uart.o(.text.RxFifo_Init) for RxFifo_Init
    uart.o(.text.UART_Init) refers to uart.o(.text.TxFifo_Init) for TxFifo_Init
    uart.o(.ARM.exidx.text.UART_Init) refers to uart.o(.text.UART_Init) for [Anonymous Symbol]
[...]
    esp8266.o(.text.UART1_Handler) refers to esp8266.o(.text.ESP8266FIFOtoBuffer) for ESP8266FIFOtoBuffer
    esp8266.o(.ARM.exidx.text.UART1_Handler) refers to esp8266.o(.text.UART1_Handler) for [Anonymous Symbol]
    esp8266.o(.text.ESP8266FIFOtoBuffer) refers to esp8266.o(.bss.ESP8266_EchoResponse) for ESP8266_EchoResponse
    esp8266.o(.text.ESP8266FIFOtoBuffer) refers to uart.o(.text.UART_OutCharNonBlock) for UART_OutCharNonBlock
    esp8266.o(.text.ESP8266FIFOtoBuffer) refers to esp8266.o(.bss.RXBufferIndex) for RXBufferIndex
    esp8266.o(.text.ESP8266FIFOtoBuffer) refers to esp8266.o(.bss.RXBuffer) for RXBuffer
    esp8266.o(.text.ESP8266FIFOtoBuffer) refers to esp8266.o(.text.SearchCheck) for SearchCheck
    esp8266.o(.text.ESP8266FIFOtoBuffer) refers to esp8266.o(.text.ServerResponseSearchCheck) for ServerResponseSearchCheck
    esp8266.o(.text.ESP8266FIFOtoBuffer) refers to esp8266.o(.bss.CurrentReturnIndex) for CurrentReturnIndex
    esp8266.o(.text.ESP8266FIFOtoBuffer) refers to esp8266.o(.bss.LastReturnIndex) for LastReturnIndex
    esp8266.o(.ARM.exidx.text.ESP8266FIFOtoBuffer) refers to esp8266.o(.text.ESP8266FIFOtoBuffer) for [Anonymous Symbol]
    esp8266.o(.ARM.exidx.text.ESP8266_EnableRXInterrupt) refers to esp8266.o(.text.ESP8266_EnableRXInterrupt) for [Anonymous Symbol]
    esp8266.o(.ARM.exidx.text.ESP8266_DisableRXInterrupt) refers to esp8266.o(.text.ESP8266_DisableRXInterrupt) for [Anonymous Symbol]
    esp8266.o(.ARM.exidx.text.ESP8266_PrintChar) refers to esp8266.o(.text.ESP8266_PrintChar) for [Anonymous Symbol]
    esp8266.o(.text.ESP8266SendCommand) refers to esp8266.o(.text.ESP8266_PrintChar) for ESP8266_PrintChar
    esp8266.o(.ARM.exidx.text.ESP8266SendCommand) refers to esp8266.o(.text.ESP8266SendCommand) for [Anonymous Symbol]
    esp8266.o(.ARM.exidx.text.DelayMs) refers to esp8266.o(.text.DelayMs) for [Anonymous Symbol]
    esp8266.o(.text.DelayMsSearching) refers to esp8266.o(.bss.SearchFound) for SearchFound
    esp8266.o(.ARM.exidx.text.DelayMsSearching) refers to esp8266.o(.text.DelayMsSearching) for [Anonymous Symbol]
    esp8266.o(.text.ESP8266_Init) refers to esp8266.o(.text.ESP8266_InitUART) for ESP8266_InitUART
    esp8266.o(.text.ESP8266_Init) refers to esp8266.o(.text.ESP8266_EnableRXInterrupt) for ESP8266_EnableRXInterrupt
    esp8266.o(.text.ESP8266_Init) refers to esp8266.o(.bss.SearchLooking) for SearchLooking
    esp8266.o(.text.ESP8266_Init) refers to esp8266.o(.bss.SearchFound) for SearchFound
    esp8266.o(.text.ESP8266_Init) refers to esp8266.o(.bss.ServerResponseSearchLooking) for ServerResponseSearchLooking
    esp8266.o(.text.ESP8266_Init) refers to esp8266.o(.bss.ServerResponseSearchFinished) for ServerResponseSearchFinished
    esp8266.o(.text.ESP8266_Init) refers to startup.o(.text) for EnableInterrupts
    esp8266.o(.text.ESP8266_Init) refers to esp8266.o(.rodata.str1.1) for .L.str.2
    esp8266.o(.text.ESP8266_Init) refers to printfa.o(i.__0printf) for printf
    esp8266.o(.text.ESP8266_Init) refers to esp8266.o(.bss.ESP8266_EchoResponse) for ESP8266_EchoResponse
    esp8266.o(.text.ESP8266_Init) refers to esp8266.o(.text.ESP8266_Reset) for ESP8266_Reset
    esp8266.o(.text.ESP8266_Init) refers to esp8266.o(.text.ESP8266_SetWifiMode) for ESP8266_SetWifiMode
    esp8266.o(.text.ESP8266_Init) refers to esp8266.o(.text.ESP8266_JoinAccessPoint) for ESP8266_JoinAccessPoint
    esp8266.o(.text.ESP8266_Init) refers to esp8266.o(.text.ESP8266_GetIPAddress) for ESP8266_GetIPAddress
    esp8266.o(.text.ESP8266_Init) refers to esp8266.o(.text.ESP8266_ListAccessPoints) for ESP8266_ListAccessPoints
    esp8266.o(.text.ESP8266_Init) refers to esp8266.o(.text.ESP8266_SetDataTransmissionMode) for ESP8266_SetDataTransmissionMode
    esp8266.o(.text.ESP8266_Init) refers to esp8266.o(.bss.ESP8266_InputProcessingEnabled) for ESP8266_InputProcessingEnabled
    esp8266.o(.ARM.exidx.text.ESP8266_Init) refers to esp8266.o(.text.ESP8266_Init) for [Anonymous Symbol]
    esp8266.o(.text.ESP8266_Reset) refers to esp8266.o(.rodata.str1.1) for .L.str.11
    esp8266.o(.text.ESP8266_Reset) refers to esp8266.o(.text.SearchStart) for SearchStart
    esp8266.o(.text.ESP8266_Reset) refers to esp8266.o(.text.DelayMs) for DelayMs
    esp8266.o(.text.ESP8266_Reset) refers to esp8266.o(.text.ESP8266SendCommand) for ESP8266SendCommand
    esp8266.o(.text.ESP8266_Reset) refers to esp8266.o(.text.DelayMsSearching) for DelayMsSearching
    esp8266.o(.text.ESP8266_Reset) refers to esp8266.o(.bss.SearchFound) for SearchFound
    esp8266.o(.ARM.exidx.text.ESP8266_Reset) refers to esp8266.o(.text.ESP8266_Reset) for [Anonymous Symbol]
    esp8266.o(.text.ESP8266_SetWifiMode) refers to esp8266.o(.rodata.str1.1) for .L.str.13
    esp8266.o(.text.ESP8266_SetWifiMode) refers to esp8266.o(.text.SearchStart) for SearchStart
    esp8266.o(.text.ESP8266_SetWifiMode) refers to esp8266.o(.bss.TXBuffer) for TXBuffer
    esp8266.o(.text.ESP8266_SetWifiMode) refers to printfa.o(i.__0sprintf) for sprintf
    esp8266.o(.text.ESP8266_SetWifiMode) refers to esp8266.o(.text.ESP8266SendCommand) for ESP8266SendCommand
    esp8266.o(.text.ESP8266_SetWifiMode) refers to esp8266.o(.text.DelayMsSearching) for DelayMsSearching
    esp8266.o(.text.ESP8266_SetWifiMode) refers to esp8266.o(.bss.SearchFound) for SearchFound
    esp8266.o(.ARM.exidx.text.ESP8266_SetWifiMode) refers to esp8266.o(.text.ESP8266_SetWifiMode) for [Anonymous Symbol]
    esp8266.o(.text.ESP8266_JoinAccessPoint) refers to esp8266.o(.rodata.str1.1) for .L.str.13
    esp8266.o(.text.ESP8266_JoinAccessPoint) refers to esp8266.o(.text.SearchStart) for SearchStart
    esp8266.o(.text.ESP8266_JoinAccessPoint) refers to esp8266.o(.bss.TXBuffer) for TXBuffer
    esp8266.o(.text.ESP8266_JoinAccessPoint) refers to printfa.o(i.__0sprintf) for sprintf
    esp8266.o(.text.ESP8266_JoinAccessPoint) refers to esp8266.o(.text.ESP8266SendCommand) for ESP8266SendCommand
    esp8266.o(.text.ESP8266_JoinAccessPoint) refers to esp8266.o(.text.DelayMsSearching) for DelayMsSearching
    esp8266.o(.text.ESP8266_JoinAccessPoint) refers to esp8266.o(.bss.SearchFound) for SearchFound
    esp8266.o(.ARM.exidx.text.ESP8266_JoinAccessPoint) refers to esp8266.o(.text.ESP8266_JoinAccessPoint) for [Anonymous Symbol]
    esp8266.o(.text.ESP8266_GetIPAddress) refers to esp8266.o(.rodata.str1.1) for .L.str.13
    esp8266.o(.text.ESP8266_GetIPAddress) refers to esp8266.o(.text.SearchStart) for SearchStart
    esp8266.o(.text.ESP8266_GetIPAddress) refers to esp8266.o(.text.ESP8266SendCommand) for ESP8266SendCommand
    esp8266.o(.text.ESP8266_GetIPAddress) refers to esp8266.o(.text.DelayMsSearching) for DelayMsSearching
    esp8266.o(.text.ESP8266_GetIPAddress) refers to esp8266.o(.bss.SearchFound) for SearchFound
    esp8266.o(.ARM.exidx.text.ESP8266_GetIPAddress) refers to esp8266.o(.text.ESP8266_GetIPAddress) for [Anonymous Symbol]
    esp8266.o(.text.ESP8266_ListAccessPoints) refers to esp8266.o(.rodata.str1.1) for .L.str.13
    esp8266.o(.text.ESP8266_ListAccessPoints) refers to esp8266.o(.text.SearchStart) for SearchStart
    esp8266.o(.text.ESP8266_ListAccessPoints) refers to esp8266.o(.text.ESP8266SendCommand) for ESP8266SendCommand
    esp8266.o(.text.ESP8266_ListAccessPoints) refers to esp8266.o(.text.DelayMsSearching) for DelayMsSearching
    esp8266.o(.text.ESP8266_ListAccessPoints) refers to esp8266.o(.bss.SearchFound) for SearchFound
    esp8266.o(.ARM.exidx.text.ESP8266_ListAccessPoints) refers to esp8266.o(.text.ESP8266_ListAccessPoints) for [Anonymous Symbol]
    esp8266.o(.text.ESP8266_SetDataTransmissionMode) refers to esp8266.o(.rodata.str1.1) for .L.str.13
    esp8266.o(.text.ESP8266_SetDataTransmissionMode) refers to esp8266.o(.text.SearchStart) for SearchStart
    esp8266.o(.text.ESP8266_SetDataTransmissionMode) refers to esp8266.o(.bss.TXBuffer) for TXBuffer
    esp8266.o(.text.ESP8266_SetDataTransmissionMode) refers to printfa.o(i.__0sprintf) for sprintf
    esp8266.o(.text.ESP8266_SetDataTransmissionMode) refers to esp8266.o(.text.ESP8266SendCommand) for ESP8266SendCommand
    esp8266.o(.text.ESP8266_SetDataTransmissionMode) refers to esp8266.o(.text.DelayMsSearching) for DelayMsSearching
    esp8266.o(.text.ESP8266_SetDataTransmissionMode) refers to esp8266.o(.bss.SearchFound) for SearchFound
    esp8266.o(.ARM.exidx.text.ESP8266_SetDataTransmissionMode) refers to esp8266.o(.text.ESP8266_SetDataTransmissionMode) for [Anonymous Symbol]
    esp8266.o(.text.ESP8266_SetConnectionMux) refers to esp8266.o(.rodata.str1.1) for .L.str.13
    esp8266.o(.text.ESP8266_SetConnectionMux) refers to esp8266.o(.text.SearchStart) for SearchStart
    esp8266.o(.text.ESP8266_SetConnectionMux) refers to esp8266.o(.bss.TXBuffer) for TXBuffer
    esp8266.o(.text.ESP8266_SetConnectionMux) refers to printfa.o(i.__0sprintf) for sprintf
    esp8266.o(.text.ESP8266_SetConnectionMux) refers to esp8266.o(.text.ESP8266SendCommand) for ESP8266SendCommand
    esp8266.o(.text.ESP8266_SetConnectionMux) refers to esp8266.o(.text.DelayMsSearching) for DelayMsSearching
    esp8266.o(.text.ESP8266_SetConnectionMux) refers to esp8266.o(.bss.SearchFound) for SearchFound
    esp8266.o(.ARM.exidx.text.ESP8266_SetConnectionMux) refers to esp8266.o(.text.ESP8266_SetConnectionMux) for [Anonymous Symbol]
    esp8266.o(.text.ESP8266_QuitAccessPoint) refers to esp8266.o(.rodata.str1.1) for .L.str.13
    esp8266.o(.text.ESP8266_QuitAccessPoint) refers to esp8266.o(.text.SearchStart) for SearchStart
    esp8266.o(.text.ESP8266_QuitAccessPoint) refers to esp8266.o(.text.ESP8266SendCommand) for ESP8266SendCommand
    esp8266.o(.text.ESP8266_QuitAccessPoint) refers to esp8266.o(.text.DelayMsSearching) for DelayMsSearching
    esp8266.o(.text.ESP8266_QuitAccessPoint) refers to esp8266.o(.bss.SearchFound) for SearchFound
    esp8266.o(.ARM.exidx.text.ESP8266_QuitAccessPoint) refers to esp8266.o(.text.ESP8266_QuitAccessPoint) for [Anonymous Symbol]
    esp8266.o(.text.ESP8266_ConfigureAccessPoint) refers to esp8266.o(.rodata.str1.1) for .L.str.13
    esp8266.o(.text.ESP8266_ConfigureAccessPoint) refers to esp8266.o(.text.SearchStart) for SearchStart
    esp8266.o(.text.ESP8266_ConfigureAccessPoint) refers to esp8266.o(.bss.TXBuffer) for TXBuffer
    esp8266.o(.text.ESP8266_ConfigureAccessPoint) refers to printfa.o(i.__0sprintf) for sprintf
    esp8266.o(.text.ESP8266_ConfigureAccessPoint) refers to esp8266.o(.text.ESP8266SendCommand) for ESP8266SendCommand
    esp8266.o(.text.ESP8266_ConfigureAccessPoint) refers to esp8266.o(.text.DelayMsSearching) for DelayMsSearching
    esp8266.o(.text.ESP8266_ConfigureAccessPoint) refers to esp8266.o(.bss.SearchFound) for SearchFound
    esp8266.o(.ARM.exidx.text.ESP8266_ConfigureAccessPoint) refers to esp8266.o(.text.ESP8266_ConfigureAccessPoint) for [Anonymous Symbol]
    esp8266.o(.text.ESP8266_MakeTCPConnection) refers to esp8266.o(.rodata.str1.1) for .L.str.13
    esp8266.o(.text.ESP8266_MakeTCPConnection) refers to esp8266.o(.text.SearchStart) for SearchStart
    esp8266.o(.text.ESP8266_MakeTCPConnection) refers to esp8266.o(.bss.TXBuffer) for TXBuffer
    esp8266.o(.text.ESP8266_MakeTCPConnection) refers to printfa.o(i.__0sprintf) for sprintf
    esp8266.o(.text.ESP8266_MakeTCPConnection) refers to esp8266.o(.text.ESP8266SendCommand) for ESP8266SendCommand
    esp8266.o(.text.ESP8266_MakeTCPConnection) refers to esp8266.o(.text.DelayMsSearching) for DelayMsSearching
    esp8266.o(.text.ESP8266_MakeTCPConnection) refers to esp8266.o(.bss.SearchFound) for SearchFound
    esp8266.o(.ARM.exidx.text.ESP8266_MakeTCPConnection) refers to esp8266.o(.text.ESP8266_MakeTCPConnection) for [Anonymous Symbol]
    esp8266.o(.text.ESP8266_SendTCP) refers to strlen.o(.text) for strlen
    esp8266.o(.text.ESP8266_SendTCP) refers to esp8266.o(.bss.TXBuffer) for TXBuffer
    esp8266.o(.text.ESP8266_SendTCP) refers to esp8266.o(.rodata.str1.1) for .L.str.22
    esp8266.o(.text.ESP8266_SendTCP) refers to printfa.o(i.__0sprintf) for sprintf
    esp8266.o(.text.ESP8266_SendTCP) refers to esp8266.o(.text.ESP8266SendCommand) for ESP8266SendCommand
    esp8266.o(.text.ESP8266_SendTCP) refers to esp8266.o(.text.DelayMs) for DelayMs
    esp8266.o(.text.ESP8266_SendTCP) refers to esp8266.o(.text.ServerResponseSearchStart) for ServerResponseSearchStart
    esp8266.o(.text.ESP8266_SendTCP) refers to esp8266.o(.bss.ServerResponseSearchFinished) for ServerResponseSearchFinished
    esp8266.o(.ARM.exidx.text.ESP8266_SendTCP) refers to esp8266.o(.text.ESP8266_SendTCP) for [Anonymous Symbol]
    esp8266.o(.text.ESP8266_CloseTCPConnection) refers to esp8266.o(.rodata.str1.1) for .L.str.13
    esp8266.o(.text.ESP8266_CloseTCPConnection) refers to esp8266.o(.text.SearchStart) for SearchStart
    esp8266.o(.text.ESP8266_CloseTCPConnection) refers to esp8266.o(.text.ESP8266SendCommand) for ESP8266SendCommand
    esp8266.o(.text.ESP8266_CloseTCPConnection) refers to esp8266.o(.text.DelayMsSearching) for DelayMsSearching
    esp8266.o(.text.ESP8266_CloseTCPConnection) refers to esp8266.o(.bss.SearchFound) for SearchFound
    esp8266.o(.ARM.exidx.text.ESP8266_CloseTCPConnection) refers to esp8266.o(.text.ESP8266_CloseTCPConnection) for [Anonymous Symbol]
    esp8266.o(.text.ESP8266_GetStatus) refers to esp8266.o(.rodata.str1.1) for .L.str.13
    esp8266.o(.text.ESP8266_GetStatus) refers to esp8266.o(.text.SearchStart) for SearchStart
    esp8266.o(.text.ESP8266_GetStatus) refers to esp8266.o(.text.ESP8266SendCommand) for ESP8266SendCommand
    esp8266.o(.text.ESP8266_GetStatus) refers to esp8266.o(.text.DelayMsSearching) for DelayMsSearching
    esp8266.o(.text.ESP8266_GetStatus) refers to esp8266.o(.bss.SearchFound) for SearchFound
    esp8266.o(.ARM.exidx.text.ESP8266_GetStatus) refers to esp8266.o(.text.ESP8266_GetStatus) for [Anonymous Symbol]
    esp8266.o(.text.ESP8266_GetVersionNumber) refers to esp8266.o(.rodata.str1.1) for .L.str.13
    esp8266.o(.text.ESP8266_GetVersionNumber) refers to esp8266.o(.text.SearchStart) for SearchStart
    esp8266.o(.text.ESP8266_GetVersionNumber) refers to esp8266.o(.text.ESP8266SendCommand) for ESP8266SendCommand
    esp8266.o(.text.ESP8266_GetVersionNumber) refers to esp8266.o(.text.DelayMsSearching) for DelayMsSearching
    esp8266.o(.text.ESP8266_GetVersionNumber) refers to esp8266.o(.bss.SearchFound) for SearchFound
    esp8266.o(.ARM.exidx.text.ESP8266_GetVersionNumber) refers to esp8266.o(.text.ESP8266_GetVersionNumber) for [Anonymous Symbol]
    esp8266.o(.text.ESP8266_SetServerTimeout) refers to esp8266.o(.data.ESP8266_ServerTimeout) for ESP8266_ServerTimeout
    esp8266.o(.text.ESP8266_SetServerTimeout) refers to esp8266.o(.bss.TXBuffer) for TXBuffer
    esp8266.o(.text.ESP8266_SetServerTimeout) refers to esp8266.o(.rodata.str1.1) for .L.str.27
    esp8266.o(.text.ESP8266_SetServerTimeout) refers to printfa.o(i.__0sprintf) for sprintf
    esp8266.o(.text.ESP8266_SetServerTimeout) refers to esp8266.o(.text.ESP8266SendCommand) for ESP8266SendCommand
    esp8266.o(.ARM.exidx.text.ESP8266_SetServerTimeout) refers to esp8266.o(.text.ESP8266_SetServerTimeout) for [Anonymous Symbol]
    esp8266.o(.text.ESP8266_EnableServer) refers to esp8266.o(.data.ESP8266_ServerPort) for ESP8266_ServerPort
    esp8266.o(.text.ESP8266_EnableServer) refers to esp8266.o(.bss.TXBuffer) for TXBuffer
    esp8266.o(.text.ESP8266_EnableServer) refers to esp8266.o(.rodata.str1.1) for .L.str.28
    esp8266.o(.text.ESP8266_EnableServer) refers to printfa.o(i.__0sprintf) for sprintf
    esp8266.o(.text.ESP8266_EnableServer) refers to esp8266.o(.text.ESP8266SendCommand) for ESP8266SendCommand
    esp8266.o(.ARM.exidx.text.ESP8266_EnableServer) refers to esp8266.o(.text.ESP8266_EnableServer) for [Anonymous Symbol]
    esp8266.o(.text.ESP8266_DisableServer) refers to esp8266.o(.rodata.str1.1) for .L.str.13
    esp8266.o(.text.ESP8266_DisableServer) refers to esp8266.o(.text.SearchStart) for SearchStart
    esp8266.o(.text.ESP8266_DisableServer) refers to esp8266.o(.data.ESP8266_ServerPort) for ESP8266_ServerPort
    esp8266.o(.text.ESP8266_DisableServer) refers to esp8266.o(.bss.TXBuffer) for TXBuffer
    esp8266.o(.text.ESP8266_DisableServer) refers to printfa.o(i.__0sprintf) for sprintf
    esp8266.o(.text.ESP8266_DisableServer) refers to esp8266.o(.text.ESP8266SendCommand) for ESP8266SendCommand
    esp8266.o(.text.ESP8266_DisableServer) refers to esp8266.o(.text.DelayMsSearching) for DelayMsSearching
    esp8266.o(.text.ESP8266_DisableServer) refers to esp8266.o(.bss.SearchFound) for SearchFound
    esp8266.o(.ARM.exidx.text.ESP8266_DisableServer) refers to esp8266.o(.text.ESP8266_DisableServer) for [Anonymous Symbol]
    esp8266.o(.text.ESP8266ProcessInput) refers to esp8266.o(.rodata.str1.1) for .L.str.30
    esp8266.o(.text.ESP8266ProcessInput) refers to strstr.o(.text) for strstr
    esp8266.o(.text.ESP8266ProcessInput) refers to printfa.o(i.__0printf) for printf
    esp8266.o(.text.ESP8266ProcessInput) refers to esp8266.o(.bss.ESP8266_PageRequested) for ESP8266_PageRequested
    esp8266.o(.ARM.exidx.text.ESP8266ProcessInput) refers to esp8266.o(.text.ESP8266ProcessInput) for [Anonymous Symbol]
    esp8266.o(.text.HTTP_ServePage) refers to esp8266.o(.rodata.str1.1) for .L__const.HTTP_ServePage.header
    esp8266.o(.text.HTTP_ServePage) refers to memcpya.o(.text) for __aeabi_memcpy
    esp8266.o(.text.HTTP_ServePage) refers to strlen.o(.text) for strlen
    esp8266.o(.text.HTTP_ServePage) refers to printfa.o(i.__0sprintf) for sprintf
    esp8266.o(.text.HTTP_ServePage) refers to esp8266.o(.bss.TXBuffer) for TXBuffer
    esp8266.o(.text.HTTP_ServePage) refers to esp8266.o(.text.ESP8266SendCommand) for ESP8266SendCommand
    esp8266.o(.text.HTTP_ServePage) refers to esp8266.o(.text.DelayMs) for DelayMs
    esp8266.o(.ARM.exidx.text.HTTP_ServePage) refers to esp8266.o(.text.HTTP_ServePage) for [Anonymous Symbol]
    entry.o(.ARM.Collect$$$$00000000) refers (Special) to entry10a.o(.ARM.Collect$$$$0000000D) for __rt_final_cpp
    entry.o(.ARM.Collect$$$$00000000) refers (Special) to entry11a.o(.ARM.Collect$$$$0000000F) for __rt_final_exit
    entry.o(.ARM.Collect$$$$00000000) refers (Special) to entry7b.o(.ARM.Collect$$$$00000008) for _main_clock
    entry.o(.ARM.Collect$$$$00000000) refers (Special) to entry8b.o(.ARM.Collect$$$$0000000A) for _main_cpp_init
    entry.o(.ARM.Collect$$$$00000000) refers (Special) to entry9a.o(.ARM.Collect$$$$0000000B) for _main_init
    entry.o(.ARM.Collect$$$$00000000) refers (Special) to entry5.o(.ARM.Collect$$$$00000004) for _main_scatterload
    entry.o(.ARM.Collect$$$$00000000) refers (Special) to entry2.o(.ARM.Collect$$$$00000001) for _main_stk
    printfa.o(i.__0fprintf) refers (Special) to iusefp.o(.text) for __I$use$fp
    printfa.o(i.__0fprintf) refers to printfa.o(i._printf_core) for _printf_core
    printfa.o(i.__0fprintf) refers to uart.o(.text.fputc) for fputc
    printfa.o(i.__0printf) refers (Special) to iusefp.o(.text) for __I$use$fp
    printfa.o(i.__0printf) refers to printfa.o(i._printf_core) for _printf_core
    printfa.o(i.__0printf) refers to uart.o(.text.fputc) for fputc
    printfa.o(i.__0printf) refers to stdout.o(.data) for __stdout
    printfa.o(i.__0snprintf) refers (Special) to iusefp.o(.text) for __I$use$fp
    printfa.o(i.__0snprintf) refers to printfa.o(i._printf_core) for _printf_core
    printfa.o(i.__0snprintf) refers to printfa.o(i._snputc) for _snputc
    printfa.o(i.__0sprintf) refers (Special) to iusefp.o(.text) for __I$use$fp
    printfa.o(i.__0sprintf) refers to printfa.o(i._printf_core) for _printf_core
    printfa.o(i.__0sprintf) refers to printfa.o(i._sputc) for _sputc
    printfa.o(i.__0vfprintf) refers (Special) to iusefp.o(.text) for __I$use$fp
    printfa.o(i.__0vfprintf) refers to printfa.o(i._printf_core) for _printf_core
    printfa.o(i.__0vfprintf) refers to uart.o(.text.fputc) for fputc
    printfa.o(i.__0vprintf) refers (Special) to iusefp.o(.text) for __I$use$fp
    printfa.o(i.__0vprintf) refers to printfa.o(i._printf_core) for _printf_core
    printfa.o(i.__0vprintf) refers to uart.o(.text.fputc) for fputc
    printfa.o(i.__0vprintf) refers to stdout.o(.data) for __stdout
    printfa.o(i.__0vsnprintf) refers (Special) to iusefp.o(.text) for __I$use$fp
    printfa.o(i.__0vsnprintf) refers to printfa.o(i._printf_core) for _printf_core
    printfa.o(i.__0vsnprintf) refers to printfa.o(i._snputc) for _snputc
    printfa.o(i.__0vsprintf) refers (Special) to iusefp.o(.text) for __I$use$fp
    printfa.o(i.__0vsprintf) refers to printfa.o(i._printf_core) for _printf_core
    printfa.o(i.__0vsprintf) refers to printfa.o(i._sputc) for _sputc
    printfa.o(i._fp_digits) refers (Special) to iusefp.o(.text) for __I$use$fp
    printfa.o(i._fp_digits) refers to dmul.o(.text) for __aeabi_dmul
    printfa.o(i._fp_digits) refers to ddiv.o(.text) for __aeabi_ddiv
    printfa.o(i._fp_digits) refers to cdrcmple.o(.text) for __aeabi_cdrcmple
    printfa.o(i._fp_digits) refers to dadd.o(.text) for __aeabi_dadd
    printfa.o(i._fp_digits) refers to dfixul.o(.text) for __aeabi_d2ulz
    printfa.o(i._fp_digits) refers to uldiv.o(.text) for __aeabi_uldivmod
    printfa.o(i._printf_core) refers (Special) to iusefp.o(.text) for __I$use$fp
    printfa.o(i._printf_core) refers to printfa.o(i._printf_pre_padding) for _printf_pre_padding
    printfa.o(i._printf_core) refers to uldiv.o(.text) for __aeabi_uldivmod
    printfa.o(i._printf_core) refers to printfa.o(i._printf_post_padding) for _printf_post_padding
    printfa.o(i._printf_core) refers to printfa.o(i._fp_digits) for _fp_digits
    printfa.o(i._printf_core) refers to uidiv.o(.text) for __aeabi_uidivmod
    printfa.o(i._printf_post_padding) refers (Special) to iusefp.o(.text) for __I$use$fp
    printfa.o(i._printf_pre_padding) refers (Special) to iusefp.o(.text) for __I$use$fp
    printfa.o(i._snputc) refers (Special) to iusefp.o(.text) for __I$use$fp
    printfa.o(i._sputc) refers (Special) to iusefp.o(.text) for __I$use$fp
    entry2.o(.ARM.Collect$$$$00000001) refers to entry2.o(.ARM.Collect$$$$00002712) for __lit__00000000
    entry2.o(.ARM.Collect$$$$00002712) refers to startup.o(STACK) for __initial_sp
    entry2.o(__vectab_stack_and_reset_area) refers to startup.o(STACK) for __initial_sp
    entry2.o(__vectab_stack_and_reset_area) refers to entry.o(.ARM.Collect$$$$00000000) for __main
    entry5.o(.ARM.Collect$$$$00000004) refers to init.o(.text) for __scatterload
    entry9a.o(.ARM.Collect$$$$0000000B) refers to main.o(.text.main) for main
    entry9b.o(.ARM.Collect$$$$0000000C) refers to main.o(.text.main) for main
    uldiv.o(.text) refers to llushr.o(.text) for __aeabi_llsr
    uldiv.o(.text) refers to llshl.o(.text) for __aeabi_llsl
    dadd.o(.text) refers (Special) to iusefp.o(.text) for __I$use$fp
    dadd.o(.text) refers to llshl.o(.text) for __aeabi_llsl
    dadd.o(.text) refers to llsshr.o(.text) for __aeabi_lasr
    dadd.o(.text) refers to depilogue.o(.text) for _double_epilogue
    dmul.o(.text) refers (Special) to iusefp.o(.text) for __I$use$fp
    dmul.o(.text) refers to depilogue.o(.text) for _double_epilogue
    ddiv.o(.text) refers (Special) to iusefp.o(.text) for __I$use$fp
    ddiv.o(.text) refers to depilogue.o(.text) for _double_round
    dfixul.o(.text) refers (Special) to iusefp.o(.text) for __I$use$fp
    dfixul.o(.text) refers to llushr.o(.text) for __aeabi_llsr
    dfixul.o(.text) refers to llshl.o(.text) for __aeabi_llsl
    cdrcmple.o(.text) refers (Special) to iusefp.o(.text) for __I$use$fp
    init.o(.text) refers to entry5.o(.ARM.Collect$$$$00000004) for __main_after_scatterload
    depilogue.o(.text) refers (Special) to iusefp.o(.text) for __I$use$fp
    depilogue.o(.text) refers to llshl.o(.text) for __aeabi_llsl
    depilogue.o(.text) refers to llushr.o(.text) for __aeabi_llsr


==============================================================================

Removing Unused input sections from the image.

    Removing startup.o(HEAP), (0 bytes).
    Removing main.o(.text), (0 bytes).
    Removing main.o(.ARM.exidx.text.PortF_Init), (8 bytes).
    Removing main.o(.ARM.exidx.text.main), (8 bytes).
    Removing main.o(.data.Fetch), (115 bytes).
    Removing main.o(.ARM.use_no_argv), (4 bytes).
    Removing pll.o(.text), (0 bytes).
    Removing pll.o(.ARM.exidx.text.PLL_Init), (8 bytes).
    Removing uart.o(.text), (0 bytes).
    Removing uart.o(.ARM.exidx.text.RxFifo_Init), (8 bytes).
    Removing uart.o(.ARM.exidx.text.RxFifo_Put), (8 bytes).
    Removing uart.o(.text.RxFifo_Get), (82 bytes).
    Removing uart.o(.ARM.exidx.text.RxFifo_Get), (8 bytes).
    Removing uart.o(.ARM.exidx.text.RxFifo_Size), (8 bytes).
    Removing uart.o(.ARM.exidx.text.TxFifo_Init), (8 bytes).
    Removing uart.o(.ARM.exidx.text.TxFifo_Put), (8 bytes).
    Removing uart.o(.ARM.exidx.text.TxFifo_Get), (8 bytes).
    Removing uart.o(.ARM.exidx.text.TxFifo_Size), (8 bytes).
    Removing uart.o(.ARM.exidx.text.UART_Init), (8 bytes).
    Removing uart.o(.text.UART_InChar), (28 bytes).
    Removing uart.o(.ARM.exidx.text.UART_InChar), (8 bytes).
    Removing uart.o(.text.UART_InCharNonBlock), (42 bytes).
    Removing uart.o(.ARM.exidx.text.UART_InCharNonBlock), (8 bytes).
    Removing uart.o(.ARM.exidx.text.UART_OutChar), (8 bytes).
    Removing uart.o(.ARM.exidx.text.copySoftwareToHardware), (8 bytes).
    Removing uart.o(.ARM.exidx.text.UART_OutCharNonBlock), (8 bytes).
    Removing uart.o(.ARM.exidx.text.UART0_Handler), (8 bytes).
    Removing uart.o(.ARM.exidx.text.copyHardwareToSoftware), (8 bytes).
    Removing uart.o(.ARM.exidx.text.UART_OutString), (8 bytes).
    Removing uart.o(.text.UART_InUDec), (152 bytes).
    Removing uart.o(.ARM.exidx.text.UART_InUDec), (8 bytes).
    Removing uart.o(.text.UART_OutUDec), (72 bytes).
    Removing uart.o(.ARM.exidx.text.UART_OutUDec), (8 bytes).
    Removing uart.o(.text.UART_InUHex), (218 bytes).
    Removing uart.o(.ARM.exidx.text.UART_InUHex), (8 bytes).
    Removing uart.o(.text.UART_OutUHex), (72 bytes).
    Removing uart.o(.ARM.exidx.text.UART_OutUHex), (8 bytes).
    Removing uart.o(.text.UART_InString), (136 bytes).
    Removing uart.o(.ARM.exidx.text.UART_InString), (8 bytes).
    Removing uart.o(.ARM.exidx.text.fputc), (8 bytes).
    Removing uart.o(.ARM.exidx.text.Output_Init), (8 bytes).
    Removing led.o(.text), (0 bytes).
    Removing led.o(.ARM.exidx.text.LED_Init), (8 bytes).
    Removing led.o(.text.Board_Input), (30 bytes).
    Removing led.o(.ARM.exidx.text.Board_Input), (8 bytes).
    Removing led.o(.ARM.exidx.text.LED_RedOn), (8 bytes).
    Removing led.o(.ARM.exidx.text.LED_RedOff), (8 bytes).
    Removing led.o(.text.LED_RedToggle), (18 bytes).
    Removing led.o(.ARM.exidx.text.LED_RedToggle), (8 bytes).
    Removing led.o(.text.LED_BlueToggle), (18 bytes).
    Removing led.o(.ARM.exidx.text.LED_BlueToggle), (8 bytes).
    Removing led.o(.text.LED_GreenToggle), (18 bytes).
    Removing led.o(.ARM.exidx.text.LED_GreenToggle), (8 bytes).
    Removing led.o(.ARM.exidx.text.LED_GreenOn), (8 bytes).
    Removing led.o(.ARM.exidx.text.LED_GreenOff), (8 bytes).
    Removing esp8266.o(.text), (0 bytes).
    Removing esp8266.o(.ARM.exidx.text.lc), (8 bytes).
    Removing esp8266.o(.ARM.exidx.text.SearchStart), (8 bytes).
    Removing esp8266.o(.ARM.exidx.text.SearchCheck), (8 bytes).
    Removing esp8266.o(.ARM.exidx.text.ServerResponseSearchStart), (8 bytes).
    Removing esp8266.o(.ARM.exidx.text.ServerResponseSearchCheck), (8 bytes).
    Removing esp8266.o(.ARM.exidx.text.ESP8266_InitUART), (8 bytes).
    Removing esp8266.o(.ARM.exidx.text.UART1_Handler), (8 bytes).
    Removing esp8266.o(.ARM.exidx.text.ESP8266FIFOtoBuffer), (8 bytes).
    Removing esp8266.o(.ARM.exidx.text.ESP8266_EnableRXInterrupt), (8 bytes).
    Removing esp8266.o(.text.ESP8266_DisableRXInterrupt), (14 bytes).
    Removing esp8266.o(.ARM.exidx.text.ESP8266_DisableRXInterrupt), (8 bytes).
    Removing esp8266.o(.ARM.exidx.text.ESP8266_PrintChar), (8 bytes).
    Removing esp8266.o(.ARM.exidx.text.ESP8266SendCommand), (8 bytes).
    Removing esp8266.o(.ARM.exidx.text.DelayMs), (8 bytes).
    Removing esp8266.o(.ARM.exidx.text.DelayMsSearching), (8 bytes).
    Removing esp8266.o(.ARM.exidx.text.ESP8266_Init), (8 bytes).
    Removing esp8266.o(.ARM.exidx.text.ESP8266_Reset), (8 bytes).
    Removing esp8266.o(.ARM.exidx.text.ESP8266_SetWifiMode), (8 bytes).
    Removing esp8266.o(.ARM.exidx.text.ESP8266_JoinAccessPoint), (8 bytes).
    Removing esp8266.o(.ARM.exidx.text.ESP8266_GetIPAddress), (8 bytes).
    Removing esp8266.o(.ARM.exidx.text.ESP8266_ListAccessPoints), (8 bytes).
    Removing esp8266.o(.ARM.exidx.text.ESP8266_SetDataTransmissionMode), (8 bytes).
    Removing esp8266.o(.text.ESP8266_SetConnectionMux), (114 bytes).
    Removing esp8266.o(.ARM.exidx.text.ESP8266_SetConnectionMux), (8 bytes).
    Removing esp8266.o(.text.ESP8266_QuitAccessPoint), (90 bytes).
    Removing esp8266.o(.ARM.exidx.text.ESP8266_QuitAccessPoint), (8 bytes).
    Removing esp8266.o(.text.ESP8266_ConfigureAccessPoint), (138 bytes).
    Removing esp8266.o(.ARM.exidx.text.ESP8266_ConfigureAccessPoint), (8 bytes).
    Removing esp8266.o(.ARM.exidx.text.ESP8266_MakeTCPConnection), (8 bytes).
    Removing esp8266.o(.ARM.exidx.text.ESP8266_SendTCP), (8 bytes).
    Removing esp8266.o(.ARM.exidx.text.ESP8266_CloseTCPConnection), (8 bytes).
    Removing esp8266.o(.ARM.exidx.text.ESP8266_GetStatus), (8 bytes).
    Removing esp8266.o(.ARM.exidx.text.ESP8266_GetVersionNumber), (8 bytes).
    Removing esp8266.o(.text.ESP8266_SetServerTimeout), (56 bytes).
    Removing esp8266.o(.ARM.exidx.text.ESP8266_SetServerTimeout), (8 bytes).
    Removing esp8266.o(.text.ESP8266_EnableServer), (56 bytes).
    Removing esp8266.o(.ARM.exidx.text.ESP8266_EnableServer), (8 bytes).
    Removing esp8266.o(.text.ESP8266_DisableServer), (116 bytes).
    Removing esp8266.o(.ARM.exidx.text.ESP8266_DisableServer), (8 bytes).
    Removing esp8266.o(.text.ESP8266ProcessInput), (204 bytes).
    Removing esp8266.o(.ARM.exidx.text.ESP8266ProcessInput), (8 bytes).
    Removing esp8266.o(.text.HTTP_ServePage), (146 bytes).
    Removing esp8266.o(.ARM.exidx.text.HTTP_ServePage), (8 bytes).
    Removing esp8266.o(.bss.ESP8266_ProcessBuffer), (1 bytes).
    Removing esp8266.o(.bss.ESP8266_ResponseComplete), (1 bytes).
    Removing esp8266.o(.bss.ESP8266_APEnabled), (1 bytes).
    Removing esp8266.o(.bss.ESP8266_ClientEnabled), (1 bytes).
    Removing esp8266.o(.bss.ESP8266_ServerEnabled), (1 bytes).
    Removing esp8266.o(.bss.ESP8266_PageRequested), (1 bytes).
    Removing esp8266.o(.data.ESP8266_ServerPort), (2 bytes).
    Removing esp8266.o(.data.ESP8266_ServerTimeout), (2 bytes).
    Removing esp8266.o(.rodata.formBody), (238 bytes).

108 unused section(s) (total 2747 bytes) removed from the image.

==============================================================================

Image Symbol Table

    Local Symbols

    Symbol Name                              Value     Ov Type        Size  Object(Section)

    ../clib/division.s                       0x00000000   Number         0  aeabi_sdiv.o ABSOLUTE
    ../clib/microlib/division.c              0x00000000   Number         0  uidiv.o ABSOLUTE
    ../clib/microlib/division.c              0x00000000   Number         0  uldiv.o ABSOLUTE
    ../clib/microlib/init/entry.s            0x00000000   Number         0  entry.o ABSOLUTE
    ../clib/microlib/init/entry.s            0x00000000   Number         0  entry2.o ABSOLUTE
    ../clib/microlib/init/entry.s            0x00000000   Number         0  entry5.o ABSOLUTE
    ../clib/microlib/init/entry.s            0x00000000   Number         0  entry7a.o ABSOLUTE
    ../clib/microlib/init/entry.s            0x00000000   Number         0  entry7b.o ABSOLUTE
    ../clib/microlib/init/entry.s            0x00000000   Number         0  entry8a.o ABSOLUTE
    ../clib/microlib/init/entry.s            0x00000000   Number         0  entry8b.o ABSOLUTE
    ../clib/microlib/init/entry.s            0x00000000   Number         0  entry9a.o ABSOLUTE
    ../clib/microlib/init/entry.s            0x00000000   Number         0  entry9b.o ABSOLUTE
    ../clib/microlib/init/entry.s            0x00000000   Number         0  entry10a.o ABSOLUTE
    ../clib/microlib/init/entry.s            0x00000000   Number         0  entry10b.o ABSOLUTE
    ../clib/microlib/init/entry.s            0x00000000   Number         0  entry11a.o ABSOLUTE
    ../clib/microlib/init/entry.s            0x00000000   Number         0  entry11b.o ABSOLUTE
    ../clib/microlib/longlong.c              0x00000000   Number         0  llshl.o ABSOLUTE
    ../clib/microlib/longlong.c              0x00000000   Number         0  llushr.o ABSOLUTE
    ../clib/microlib/longlong.c              0x00000000   Number         0  llsshr.o ABSOLUTE
    ../clib/microlib/printf/printf.c         0x00000000   Number         0  printfa.o ABSOLUTE
    ../clib/microlib/stdio/streams.c         0x00000000   Number         0  stdout.o ABSOLUTE
    ../clib/microlib/string/memcpy.c         0x00000000   Number         0  memcpya.o ABSOLUTE
    ../clib/microlib/string/memcpy.c         0x00000000   Number         0  memcpyb.o ABSOLUTE
    ../clib/microlib/string/strcpy.c         0x00000000   Number         0  strcpy.o ABSOLUTE
    ../clib/microlib/string/strlen.c         0x00000000   Number         0  strlen.o ABSOLUTE
    ../clib/microlib/string/strstr.c         0x00000000   Number         0  strstr.o ABSOLUTE
    ../clib/microlib/stubs.s                 0x00000000   Number         0  iusefp.o ABSOLUTE
    ../fplib/microlib/fpadd.c                0x00000000   Number         0  dadd.o ABSOLUTE
    ../fplib/microlib/fpdiv.c                0x00000000   Number         0  ddiv.o ABSOLUTE
    ../fplib/microlib/fpepilogue.c           0x00000000   Number         0  depilogue.o ABSOLUTE
    ../fplib/microlib/fpfix.c                0x00000000   Number         0  dfixul.o ABSOLUTE
    ../fplib/microlib/fpmul.c                0x00000000   Number         0  dmul.o ABSOLUTE
    LED.c                                    0x00000000   Number         0  led.o ABSOLUTE
    UART.c                                   0x00000000   Number         0  uart.o ABSOLUTE
    cdrcmple.s                               0x00000000   Number         0  cdrcmple.o ABSOLUTE
    dc.s                                     0x00000000   Number         0  dc.o ABSOLUTE
    esp8266.c                                0x00000000   Number         0  esp8266.o ABSOLUTE
    handlers.s                               0x00000000   Number         0  handlers.o ABSOLUTE
    init.s                                   0x00000000   Number         0  init.o ABSOLUTE
    main.c                                   0x00000000   Number         0  main.o ABSOLUTE
    pll.c                                    0x00000000   Number         0  pll.o ABSOLUTE
    startup.s                                0x00000000   Number         0  startup.o ABSOLUTE
    RESET                                    0x00000000   Section      644  startup.o(RESET)
    $v0                                      0x0000026c   Number         0  startup.o(RESET)
    .ARM.Collect$$$$00000000                 0x00000284   Section        0  entry.o(.ARM.Collect$$$$00000000)
    .ARM.Collect$$$$00000001                 0x00000284   Section        4  entry2.o(.ARM.Collect$$$$00000001)
    .ARM.Collect$$$$00000004                 0x00000288   Section        4  entry5.o(.ARM.Collect$$$$00000004)
    .ARM.Collect$$$$00000008                 0x0000028c   Section        0  entry7b.o(.ARM.Collect$$$$00000008)
    .ARM.Collect$$$$0000000A                 0x0000028c   Section        0  entry8b.o(.ARM.Collect$$$$0000000A)
    .ARM.Collect$$$$0000000B                 0x0000028c   Section        8  entry9a.o(.ARM.Collect$$$$0000000B)
    __lit__00000000                          0x00000294   Data           4  entry2.o(.ARM.Collect$$$$00002712)
    .ARM.Collect$$$$0000000D                 0x00000294   Section        0  entry10a.o(.ARM.Collect$$$$0000000D)
    .ARM.Collect$$$$0000000F                 0x00000294   Section        0  entry11a.o(.ARM.Collect$$$$0000000F)
    .ARM.Collect$$$$00002712                 0x00000294   Section        4  entry2.o(.ARM.Collect$$$$00002712)
    $v0                                      0x00000298   Number         0  startup.o(.text)
    .text                                    0x00000298   Section       28  startup.o(.text)
    .text                                    0x000002b4   Section        0  strlen.o(.text)
    .text                                    0x000002c2   Section        0  strcpy.o(.text)
    .text                                    0x000002d4   Section        0  uidiv.o(.text)
    .text                                    0x00000300   Section        0  uldiv.o(.text)
    .text                                    0x00000362   Section        0  iusefp.o(.text)
    .text                                    0x00000362   Section        0  dadd.o(.text)
    .text                                    0x000004b0   Section        0  dmul.o(.text)
    .text                                    0x00000594   Section        0  ddiv.o(.text)
    .text                                    0x00000672   Section        0  dfixul.o(.text)
    .text                                    0x000006a4   Section       48  cdrcmple.o(.text)
    .text                                    0x000006d4   Section       48  init.o(.text)
    .text                                    0x00000704   Section        0  llshl.o(.text)
    .text                                    0x00000722   Section        0  llushr.o(.text)
    .text                                    0x00000742   Section        0  llsshr.o(.text)
    .text                                    0x00000766   Section        0  depilogue.o(.text)
    [Anonymous Symbol]                       0x00000820   Section        0  esp8266.o(.text.DelayMs)
    [Anonymous Symbol]                       0x00000850   Section        0  esp8266.o(.text.DelayMsSearching)
    [Anonymous Symbol]                       0x00000890   Section        0  esp8266.o(.text.ESP8266FIFOtoBuffer)
    [Anonymous Symbol]                       0x00000950   Section        0  esp8266.o(.text.ESP8266SendCommand)
    [Anonymous Symbol]                       0x0000097c   Section        0  esp8266.o(.text.ESP8266_CloseTCPConnection)
    [Anonymous Symbol]                       0x000009d8   Section        0  esp8266.o(.text.ESP8266_EnableRXInterrupt)
    [Anonymous Symbol]                       0x000009e8   Section        0  esp8266.o(.text.ESP8266_GetIPAddress)
    [Anonymous Symbol]                       0x00000a44   Section        0  esp8266.o(.text.ESP8266_GetStatus)
    [Anonymous Symbol]                       0x00000aa0   Section        0  esp8266.o(.text.ESP8266_GetVersionNumber)
    [Anonymous Symbol]                       0x00000afc   Section        0  esp8266.o(.text.ESP8266_Init)
    [Anonymous Symbol]                       0x00000c0c   Section        0  esp8266.o(.text.ESP8266_InitUART)
    [Anonymous Symbol]                       0x00000d4c   Section        0  esp8266.o(.text.ESP8266_JoinAccessPoint)
    [Anonymous Symbol]                       0x00000dc0   Section        0  esp8266.o(.text.ESP8266_ListAccessPoints)
    [Anonymous Symbol]                       0x00000e1c   Section        0  esp8266.o(.text.ESP8266_MakeTCPConnection)
    [Anonymous Symbol]                       0x00000e8c   Section        0  esp8266.o(.text.ESP8266_PrintChar)
    [Anonymous Symbol]                       0x00000ebc   Section        0  esp8266.o(.text.ESP8266_Reset)
    [Anonymous Symbol]                       0x00000f38   Section        0  esp8266.o(.text.ESP8266_SendTCP)
    [Anonymous Symbol]                       0x00000fe0   Section        0  esp8266.o(.text.ESP8266_SetDataTransmissionMode)
    [Anonymous Symbol]                       0x00001054   Section        0  esp8266.o(.text.ESP8266_SetWifiMode)
    [Anonymous Symbol]                       0x000010d8   Section        0  led.o(.text.LED_GreenOff)
    [Anonymous Symbol]                       0x000010e8   Section        0  led.o(.text.LED_GreenOn)
    [Anonymous Symbol]                       0x000010f8   Section        0  led.o(.text.LED_Init)
    [Anonymous Symbol]                       0x00001188   Section        0  led.o(.text.LED_RedOff)
    [Anonymous Symbol]                       0x00001198   Section        0  led.o(.text.LED_RedOn)
    [Anonymous Symbol]                       0x000011a8   Section        0  uart.o(.text.Output_Init)
    [Anonymous Symbol]                       0x000011b0   Section        0  pll.o(.text.PLL_Init)
    [Anonymous Symbol]                       0x0000123c   Section        0  main.o(.text.PortF_Init)
    [Anonymous Symbol]                       0x000012e0   Section        0  uart.o(.text.RxFifo_Init)
    [Anonymous Symbol]                       0x0000130c   Section        0  uart.o(.text.RxFifo_Put)
    [Anonymous Symbol]                       0x00001364   Section        0  uart.o(.text.RxFifo_Size)
    [Anonymous Symbol]                       0x00001380   Section        0  esp8266.o(.text.SearchCheck)
    [Anonymous Symbol]                       0x00001410   Section        0  esp8266.o(.text.SearchStart)
    [Anonymous Symbol]                       0x0000144c   Section        0  esp8266.o(.text.ServerResponseSearchCheck)
    [Anonymous Symbol]                       0x000015ac   Section        0  esp8266.o(.text.ServerResponseSearchStart)
    [Anonymous Symbol]                       0x000015f0   Section        0  uart.o(.text.TxFifo_Get)
    [Anonymous Symbol]                       0x00001644   Section        0  uart.o(.text.TxFifo_Init)
    [Anonymous Symbol]                       0x00001670   Section        0  uart.o(.text.TxFifo_Put)
    [Anonymous Symbol]                       0x000016c8   Section        0  uart.o(.text.TxFifo_Size)
    [Anonymous Symbol]                       0x000016e4   Section        0  uart.o(.text.UART0_Handler)
    [Anonymous Symbol]                       0x00001770   Section        0  esp8266.o(.text.UART1_Handler)
    [Anonymous Symbol]                       0x000017bc   Section        0  uart.o(.text.UART_Init)
    [Anonymous Symbol]                       0x000018a8   Section        0  uart.o(.text.UART_OutChar)
    [Anonymous Symbol]                       0x000018e4   Section        0  uart.o(.text.UART_OutCharNonBlock)
    [Anonymous Symbol]                       0x00001920   Section        0  uart.o(.text.UART_OutString)
    copyHardwareToSoftware                   0x00001949   Thumb Code    86  uart.o(.text.copyHardwareToSoftware)
    [Anonymous Symbol]                       0x00001948   Section        0  uart.o(.text.copyHardwareToSoftware)
    copySoftwareToHardware                   0x000019a1   Thumb Code    82  uart.o(.text.copySoftwareToHardware)
    [Anonymous Symbol]                       0x000019a0   Section        0  uart.o(.text.copySoftwareToHardware)
    [Anonymous Symbol]                       0x000019f4   Section        0  uart.o(.text.fputc)
    [Anonymous Symbol]                       0x00001a0c   Section        0  esp8266.o(.text.lc)
    [Anonymous Symbol]                       0x00001a3c   Section        0  main.o(.text.main)
    i.__0printf                              0x00001b3c   Section        0  printfa.o(i.__0printf)
    i.__0sprintf                             0x00001b5c   Section        0  printfa.o(i.__0sprintf)
    i.__scatterload_copy                     0x00001b84   Section       14  handlers.o(i.__scatterload_copy)
    i.__scatterload_null                     0x00001b92   Section        2  handlers.o(i.__scatterload_null)
    i.__scatterload_zeroinit                 0x00001b94   Section       14  handlers.o(i.__scatterload_zeroinit)
    _fp_digits                               0x00001ba5   Thumb Code   366  printfa.o(i._fp_digits)
    i._fp_digits                             0x00001ba4   Section        0  printfa.o(i._fp_digits)
    _printf_core                             0x00001d29   Thumb Code  1744  printfa.o(i._printf_core)
    i._printf_core                           0x00001d28   Section        0  printfa.o(i._printf_core)
    _printf_post_padding                     0x00002405   Thumb Code    36  printfa.o(i._printf_post_padding)
    i._printf_post_padding                   0x00002404   Section        0  printfa.o(i._printf_post_padding)
    _printf_pre_padding                      0x00002429   Thumb Code    46  printfa.o(i._printf_pre_padding)
    i._printf_pre_padding                    0x00002428   Section        0  printfa.o(i._printf_pre_padding)
    _sputc                                   0x00002457   Thumb Code    10  printfa.o(i._sputc)
    i._sputc                                 0x00002456   Section        0  printfa.o(i._sputc)
    .L.str.2                                 0x00002460   Data         150  main.o(.rodata.str1.1)
    [Anonymous Symbol]                       0x00002460   Section        0  main.o(.rodata.str1.1)
    .L.str                                   0x000024f6   Data          36  main.o(.rodata.str1.1)
    .L.str.1                                 0x0000251a   Data          26  main.o(.rodata.str1.1)
    [Anonymous Symbol]                       0x00002534   Section        0  esp8266.o(.rodata.str1.1)
    .L.str.16                                0x0000253b   Data          21  esp8266.o(.rodata.str1.1)
    .L.str.21                                0x00002550   Data          28  esp8266.o(.rodata.str1.1)
    .L.str.23                                0x0000256c   Data          14  esp8266.o(.rodata.str1.1)
    .L.str.17                                0x0000257a   Data          11  esp8266.o(.rodata.str1.1)
    .L.str.26                                0x00002590   Data           9  esp8266.o(.rodata.str1.1)
    .L.str.20                                0x00002599   Data          11  esp8266.o(.rodata.str1.1)
    .L.str.25                                0x000025a4   Data          15  esp8266.o(.rodata.str1.1)
    .L.str.12                                0x000025b3   Data           9  esp8266.o(.rodata.str1.1)
    .L.str.22                                0x00002612   Data          16  esp8266.o(.rodata.str1.1)
    .L.str.24                                0x00002622   Data          16  esp8266.o(.rodata.str1.1)
    .L.str.14                                0x00002632   Data          15  esp8266.o(.rodata.str1.1)
    .L.str.1                                 0x0000265f   Data           7  esp8266.o(.rodata.str1.1)
    .L.str.2                                 0x00002680   Data          26  esp8266.o(.rodata.str1.1)
    .L.str.15                                0x0000269a   Data          15  esp8266.o(.rodata.str1.1)
    .L.str.7                                 0x0000269a   Data          43  esp8266.o(.rodata.str1.1)
    .L.str.4                                 0x000026c5   Data          34  esp8266.o(.rodata.str1.1)
    .L.str.18                                0x000026c9   Data          11  esp8266.o(.rodata.str1.1)
    .L.str.19                                0x000026d4   Data          27  esp8266.o(.rodata.str1.1)
    .L.str.10                                0x000026e7   Data          53  esp8266.o(.rodata.str1.1)
    .L.str.8                                 0x0000271c   Data          47  esp8266.o(.rodata.str1.1)
    .L.str.9                                 0x0000274b   Data          49  esp8266.o(.rodata.str1.1)
    .L.str.27                                0x0000275c   Data          15  esp8266.o(.rodata.str1.1)
    .L.str.28                                0x0000276b   Data          20  esp8266.o(.rodata.str1.1)
    .L.str.3                                 0x0000277c   Data          33  esp8266.o(.rodata.str1.1)
    .L.str.29                                0x0000277f   Data          20  esp8266.o(.rodata.str1.1)
    .L.str.30                                0x00002793   Data           9  esp8266.o(.rodata.str1.1)
    .L.str.31                                0x0000279c   Data          26  esp8266.o(.rodata.str1.1)
    .L.str.6                                 0x0000279d   Data          20  esp8266.o(.rodata.str1.1)
    .L.str                                   0x000027b1   Data           6  esp8266.o(.rodata.str1.1)
    .L__const.HTTP_ServePage.header          0x000027b6   Data          78  esp8266.o(.rodata.str1.1)
    .L.str.13                                0x000027c0   Data           3  esp8266.o(.rodata.str1.1)
    .L.str.5                                 0x000027c3   Data           7  esp8266.o(.rodata.str1.1)
    .L.str.11                                0x000027ca   Data           6  esp8266.o(.rodata.str1.1)
    .L.str.32                                0x00002804   Data           7  esp8266.o(.rodata.str1.1)
    .L.str.33                                0x0000280b   Data          19  esp8266.o(.rodata.str1.1)
    .data                                    0x20000000   Section        4  stdout.o(.data)
    RxFifo                                   0x20000428   Data        1024  uart.o(.bss.RxFifo)
    [Anonymous Symbol]                       0x20000428   Section        0  uart.o(.bss.RxFifo)
    TxFifo                                   0x2000146c   Data        1024  uart.o(.bss.TxFifo)
    [Anonymous Symbol]                       0x2000146c   Section        0  uart.o(.bss.TxFifo)
    StackMem                                 0x20001878   Data           0  startup.o(STACK)
    STACK                                    0x20001878   Section     1024  startup.o(STACK)

    Global Symbols

    Symbol Name                              Value     Ov Type        Size  Object(Section)

    BuildAttributes$$THM_ISAv4$E$P$D$K$B$S$7EM$VFPi3$EXTD16$VFPS$VFMA$PE$A:L22UL41UL21$X:L11$S22US41US21$IEEE1$IW$~IW$USESV6$~STKCKD$USESV7$WCHAR32$ENUMINT$~SHL$OSPACE$ROPI$EBA8$MICROLIB$REQ8$PRES8$EABIv2 0x00000000   Number         0  anon$$obj.o ABSOLUTE
    __Vectors                                0x00000000   Data           0  startup.o(RESET)
    __cpp_initialize__aeabi_                  - Undefined Weak Reference
    __cxa_finalize                            - Undefined Weak Reference
    __decompress                              - Undefined Weak Reference
    _clock_init                               - Undefined Weak Reference
    _microlib_exit                            - Undefined Weak Reference
    Reset_Handler                            0x0000026d   Thumb Code     0  startup.o(RESET)
    NMI_Handler                              0x00000271   Thumb Code     2  startup.o(RESET)
    HardFault_Handler                        0x00000273   Thumb Code     2  startup.o(RESET)
    MemManage_Handler                        0x00000275   Thumb Code     2  startup.o(RESET)
    BusFault_Handler                         0x00000277   Thumb Code     2  startup.o(RESET)
    UsageFault_Handler                       0x00000279   Thumb Code     2  startup.o(RESET)
    SVC_Handler                              0x0000027b   Thumb Code     2  startup.o(RESET)
    DebugMon_Handler                         0x0000027d   Thumb Code     2  startup.o(RESET)
    PendSV_Handler                           0x0000027f   Thumb Code     2  startup.o(RESET)
    SysTick_Handler                          0x00000281   Thumb Code     2  startup.o(RESET)
    ADC0Seq0_Handler                         0x00000283   Thumb Code     0  startup.o(RESET)
    ADC0Seq1_Handler                         0x00000283   Thumb Code     0  startup.o(RESET)
    ADC0Seq2_Handler                         0x00000283   Thumb Code     0  startup.o(RESET)
    ADC0Seq3_Handler                         0x00000283   Thumb Code     0  startup.o(RESET)
    ADC1Seq0_Handler                         0x00000283   Thumb Code     0  startup.o(RESET)
    ADC1Seq1_Handler                         0x00000283   Thumb Code     0  startup.o(RESET)
    ADC1Seq2_Handler                         0x00000283   Thumb Code     0  startup.o(RESET)
    ADC1Seq3_Handler                         0x00000283   Thumb Code     0  startup.o(RESET)
    CAN0_Handler                             0x00000283   Thumb Code     0  startup.o(RESET)
    CAN1_Handler                             0x00000283   Thumb Code     0  startup.o(RESET)
    CAN2_Handler                             0x00000283   Thumb Code     0  startup.o(RESET)
    Comp0_Handler                            0x00000283   Thumb Code     0  startup.o(RESET)
    Comp1_Handler                            0x00000283   Thumb Code     0  startup.o(RESET)
    Comp2_Handler                            0x00000283   Thumb Code     0  startup.o(RESET)
    Ethernet_Handler                         0x00000283   Thumb Code     0  startup.o(RESET)
    ExtBus_Handler                           0x00000283   Thumb Code     0  startup.o(RESET)
    FPU_Handler                              0x00000283   Thumb Code     0  startup.o(RESET)
    Fan0_Handler                             0x00000283   Thumb Code     0  startup.o(RESET)
    FlashCtl_Handler                         0x00000283   Thumb Code     0  startup.o(RESET)
    GPIOPortA_Handler                        0x00000283   Thumb Code     0  startup.o(RESET)
    GPIOPortB_Handler                        0x00000283   Thumb Code     0  startup.o(RESET)
    GPIOPortC_Handler                        0x00000283   Thumb Code     0  startup.o(RESET)
    GPIOPortD_Handler                        0x00000283   Thumb Code     0  startup.o(RESET)
    GPIOPortE_Handler                        0x00000283   Thumb Code     0  startup.o(RESET)
    GPIOPortF_Handler                        0x00000283   Thumb Code     0  startup.o(RESET)
    GPIOPortG_Handler                        0x00000283   Thumb Code     0  startup.o(RESET)
    GPIOPortH_Handler                        0x00000283   Thumb Code     0  startup.o(RESET)
    GPIOPortJ_Handler                        0x00000283   Thumb Code     0  startup.o(RESET)
    GPIOPortK_Handler                        0x00000283   Thumb Code     0  startup.o(RESET)
    GPIOPortL_Handler                        0x00000283   Thumb Code     0  startup.o(RESET)
    GPIOPortM_Handler                        0x00000283   Thumb Code     0  startup.o(RESET)
    GPIOPortN_Handler                        0x00000283   Thumb Code     0  startup.o(RESET)
    GPIOPortP1_Handler                       0x00000283   Thumb Code     0  startup.o(RESET)
    GPIOPortP2_Handler                       0x00000283   Thumb Code     0  startup.o(RESET)
    GPIOPortP3_Handler                       0x00000283   Thumb Code     0  startup.o(RESET)
    GPIOPortP4_Handler                       0x00000283   Thumb Code     0  startup.o(RESET)
    GPIOPortP5_Handler                       0x00000283   Thumb Code     0  startup.o(RESET)
    GPIOPortP6_Handler                       0x00000283   Thumb Code     0  startup.o(RESET)
    GPIOPortP7_Handler                       0x00000283   Thumb Code     0  startup.o(RESET)
    GPIOPortP_Handler                        0x00000283   Thumb Code     0  startup.o(RESET)
    GPIOPortQ1_Handler                       0x00000283   Thumb Code     0  startup.o(RESET)
    GPIOPortQ2_Handler                       0x00000283   Thumb Code     0  startup.o(RESET)
    GPIOPortQ3_Handler                       0x00000283   Thumb Code     0  startup.o(RESET)
    GPIOPortQ4_Handler                       0x00000283   Thumb Code     0  startup.o(RESET)
    GPIOPortQ5_Handler                       0x00000283   Thumb Code     0  startup.o(RESET)
    GPIOPortQ6_Handler                       0x00000283   Thumb Code     0  startup.o(RESET)
    GPIOPortQ7_Handler                       0x00000283   Thumb Code     0  startup.o(RESET)
    GPIOPortQ_Handler                        0x00000283   Thumb Code     0  startup.o(RESET)
    GPIOPortR_Handler                        0x00000283   Thumb Code     0  startup.o(RESET)
    GPIOPortS_Handler                        0x00000283   Thumb Code     0  startup.o(RESET)
    Hibernate_Handler                        0x00000283   Thumb Code     0  startup.o(RESET)
    I2C0_Handler                             0x00000283   Thumb Code     0  startup.o(RESET)
    I2C1_Handler                             0x00000283   Thumb Code     0  startup.o(RESET)
    I2C2_Handler                             0x00000283   Thumb Code     0  startup.o(RESET)
    I2C3_Handler                             0x00000283   Thumb Code     0  startup.o(RESET)
    I2C4_Handler                             0x00000283   Thumb Code     0  startup.o(RESET)
    I2C5_Handler                             0x00000283   Thumb Code     0  startup.o(RESET)
    I2S0_Handler                             0x00000283   Thumb Code     0  startup.o(RESET)
    LPC0_Handler                             0x00000283   Thumb Code     0  startup.o(RESET)
    PECI0_Handler                            0x00000283   Thumb Code     0  startup.o(RESET)
    PWM0Fault_Handler                        0x00000283   Thumb Code     0  startup.o(RESET)
    PWM0Generator0_Handler                   0x00000283   Thumb Code     0  startup.o(RESET)
    PWM0Generator1_Handler                   0x00000283   Thumb Code     0  startup.o(RESET)
    PWM0Generator2_Handler                   0x00000283   Thumb Code     0  startup.o(RESET)
    PWM0Generator3_Handler                   0x00000283   Thumb Code     0  startup.o(RESET)
    PWM1Fault_Handler                        0x00000283   Thumb Code     0  startup.o(RESET)
    PWM1Generator0_Handler                   0x00000283   Thumb Code     0  startup.o(RESET)
    PWM1Generator1_Handler                   0x00000283   Thumb Code     0  startup.o(RESET)
    PWM1Generator2_Handler                   0x00000283   Thumb Code     0  startup.o(RESET)
    PWM1Generator3_Handler                   0x00000283   Thumb Code     0  startup.o(RESET)
    Quadrature0_Handler                      0x00000283   Thumb Code     0  startup.o(RESET)
    Quadrature1_Handler                      0x00000283   Thumb Code     0  startup.o(RESET)
    Quadrature2_Handler                      0x00000283   Thumb Code     0  startup.o(RESET)
    SSI0_Handler                             0x00000283   Thumb Code     0  startup.o(RESET)
    SSI1_Handler                             0x00000283   Thumb Code     0  startup.o(RESET)
    SSI2_Handler                             0x00000283   Thumb Code     0  startup.o(RESET)
    SSI3_Handler                             0x00000283   Thumb Code     0  startup.o(RESET)
    SysCtl_Handler                           0x00000283   Thumb Code     0  startup.o(RESET)
    Timer0A_Handler                          0x00000283   Thumb Code     0  startup.o(RESET)
    Timer0B_Handler                          0x00000283   Thumb Code     0  startup.o(RESET)
    Timer1A_Handler                          0x00000283   Thumb Code     0  startup.o(RESET)
    Timer1B_Handler                          0x00000283   Thumb Code     0  startup.o(RESET)
    Timer2A_Handler                          0x00000283   Thumb Code     0  startup.o(RESET)
    Timer2B_Handler                          0x00000283   Thumb Code     0  startup.o(RESET)
    Timer3A_Handler                          0x00000283   Thumb Code     0  startup.o(RESET)
    Timer3B_Handler                          0x00000283   Thumb Code     0  startup.o(RESET)
    Timer4A_Handler                          0x00000283   Thumb Code     0  startup.o(RESET)
    Timer4B_Handler                          0x00000283   Thumb Code     0  startup.o(RESET)
    Timer5A_Handler                          0x00000283   Thumb Code     0  startup.o(RESET)
    Timer5B_Handler                          0x00000283   Thumb Code     0  startup.o(RESET)
    UART2_Handler                            0x00000283   Thumb Code     0  startup.o(RESET)
    UART3_Handler                            0x00000283   Thumb Code     0  startup.o(RESET)
    UART4_Handler                            0x00000283   Thumb Code     0  startup.o(RESET)
    UART5_Handler                            0x00000283   Thumb Code     0  startup.o(RESET)
    UART6_Handler                            0x00000283   Thumb Code     0  startup.o(RESET)
    UART7_Handler                            0x00000283   Thumb Code     0  startup.o(RESET)
    USB0_Handler                             0x00000283   Thumb Code     0  startup.o(RESET)
    WDT_Handler                              0x00000283   Thumb Code     0  startup.o(RESET)
    WideTimer0A_Handler                      0x00000283   Thumb Code     0  startup.o(RESET)
    WideTimer0B_Handler                      0x00000283   Thumb Code     0  startup.o(RESET)
    WideTimer1A_Handler                      0x00000283   Thumb Code     0  startup.o(RESET)
    WideTimer1B_Handler                      0x00000283   Thumb Code     0  startup.o(RESET)
    WideTimer2A_Handler                      0x00000283   Thumb Code     0  startup.o(RESET)
    WideTimer2B_Handler                      0x00000283   Thumb Code     0  startup.o(RESET)
    WideTimer3A_Handler                      0x00000283   Thumb Code     0  startup.o(RESET)
    WideTimer3B_Handler                      0x00000283   Thumb Code     0  startup.o(RESET)
    WideTimer4A_Handler                      0x00000283   Thumb Code     0  startup.o(RESET)
    WideTimer4B_Handler                      0x00000283   Thumb Code     0  startup.o(RESET)
    WideTimer5A_Handler                      0x00000283   Thumb Code     0  startup.o(RESET)
    WideTimer5B_Handler                      0x00000283   Thumb Code     0  startup.o(RESET)
    uDMA_Error                               0x00000283   Thumb Code     0  startup.o(RESET)
    uDMA_Handler                             0x00000283   Thumb Code     0  startup.o(RESET)
    __main                                   0x00000285   Thumb Code     0  entry.o(.ARM.Collect$$$$00000000)
    _main_stk                                0x00000285   Thumb Code     0  entry2.o(.ARM.Collect$$$$00000001)
    _main_scatterload                        0x00000289   Thumb Code     0  entry5.o(.ARM.Collect$$$$00000004)
    __main_after_scatterload                 0x0000028d   Thumb Code     0  entry5.o(.ARM.Collect$$$$00000004)
    _main_clock                              0x0000028d   Thumb Code     0  entry7b.o(.ARM.Collect$$$$00000008)
    _main_cpp_init                           0x0000028d   Thumb Code     0  entry8b.o(.ARM.Collect$$$$0000000A)
    _main_init                               0x0000028d   Thumb Code     0  entry9a.o(.ARM.Collect$$$$0000000B)
    __rt_final_cpp                           0x00000295   Thumb Code     0  entry10a.o(.ARM.Collect$$$$0000000D)
    __rt_final_exit                          0x00000295   Thumb Code     0  entry11a.o(.ARM.Collect$$$$0000000F)
    DisableInterrupts                        0x00000299   Thumb Code     0  startup.o(.text)
    EnableInterrupts                         0x0000029d   Thumb Code     0  startup.o(.text)
    StartCritical                            0x000002a1   Thumb Code     0  startup.o(.text)
    EndCritical                              0x000002a9   Thumb Code     0  startup.o(.text)
    WaitForInterrupt                         0x000002af   Thumb Code     0  startup.o(.text)
    strlen                                   0x000002b5   Thumb Code    14  strlen.o(.text)
    strcpy                                   0x000002c3   Thumb Code    18  strcpy.o(.text)
    __aeabi_uidiv                            0x000002d5   Thumb Code     0  uidiv.o(.text)
    __aeabi_uidivmod                         0x000002d5   Thumb Code    44  uidiv.o(.text)
    __aeabi_uldivmod                         0x00000301   Thumb Code    98  uldiv.o(.text)
    __I$use$fp                               0x00000363   Thumb Code     0  iusefp.o(.text)
    __aeabi_dadd                             0x00000363   Thumb Code   322  dadd.o(.text)
    __aeabi_dsub                             0x000004a5   Thumb Code     6  dadd.o(.text)
    __aeabi_drsub                            0x000004ab   Thumb Code     6  dadd.o(.text)
    __aeabi_dmul                             0x000004b1   Thumb Code   228  dmul.o(.text)
    __aeabi_ddiv                             0x00000595   Thumb Code   222  ddiv.o(.text)
    __aeabi_d2ulz                            0x00000673   Thumb Code    48  dfixul.o(.text)
    __aeabi_cdrcmple                         0x000006a5   Thumb Code    48  cdrcmple.o(.text)
    __scatterload                            0x000006d5   Thumb Code    38  init.o(.text)
    __scatterload_rt2                        0x000006d5   Thumb Code     0  init.o(.text)
    __aeabi_llsl                             0x00000705   Thumb Code    30  llshl.o(.text)
    _ll_shift_l                              0x00000705   Thumb Code     0  llshl.o(.text)
    __aeabi_llsr                             0x00000723   Thumb Code    32  llushr.o(.text)
    _ll_ushift_r                             0x00000723   Thumb Code     0  llushr.o(.text)
    __aeabi_lasr                             0x00000743   Thumb Code    36  llsshr.o(.text)
    _ll_sshift_r                             0x00000743   Thumb Code     0  llsshr.o(.text)
    _double_round                            0x00000767   Thumb Code    30  depilogue.o(.text)
    _double_epilogue                         0x00000785   Thumb Code   156  depilogue.o(.text)
    DelayMs                                  0x00000821   Thumb Code    46  esp8266.o(.text.DelayMs)
    DelayMsSearching                         0x00000851   Thumb Code    64  esp8266.o(.text.DelayMsSearching)
    ESP8266FIFOtoBuffer                      0x00000891   Thumb Code   192  esp8266.o(.text.ESP8266FIFOtoBuffer)
    ESP8266SendCommand                       0x00000951   Thumb Code    42  esp8266.o(.text.ESP8266SendCommand)
    ESP8266_CloseTCPConnection               0x0000097d   Thumb Code    90  esp8266.o(.text.ESP8266_CloseTCPConnection)
    ESP8266_EnableRXInterrupt                0x000009d9   Thumb Code    14  esp8266.o(.text.ESP8266_EnableRXInterrupt)
    ESP8266_GetIPAddress                     0x000009e9   Thumb Code    90  esp8266.o(.text.ESP8266_GetIPAddress)
    ESP8266_GetStatus                        0x00000a45   Thumb Code    90  esp8266.o(.text.ESP8266_GetStatus)
    ESP8266_GetVersionNumber                 0x00000aa1   Thumb Code    90  esp8266.o(.text.ESP8266_GetVersionNumber)
    ESP8266_Init                             0x00000afd   Thumb Code   270  esp8266.o(.text.ESP8266_Init)
    ESP8266_InitUART                         0x00000c0d   Thumb Code   318  esp8266.o(.text.ESP8266_InitUART)
    ESP8266_JoinAccessPoint                  0x00000d4d   Thumb Code   114  esp8266.o(.text.ESP8266_JoinAccessPoint)
    ESP8266_ListAccessPoints                 0x00000dc1   Thumb Code    90  esp8266.o(.text.ESP8266_ListAccessPoints)
    ESP8266_MakeTCPConnection                0x00000e1d   Thumb Code   110  esp8266.o(.text.ESP8266_MakeTCPConnection)
    ESP8266_PrintChar                        0x00000e8d   Thumb Code    46  esp8266.o(.text.ESP8266_PrintChar)
    ESP8266_Reset                            0x00000ebd   Thumb Code   124  esp8266.o(.text.ESP8266_Reset)
    ESP8266_SendTCP                          0x00000f39   Thumb Code   166  esp8266.o(.text.ESP8266_SendTCP)
    ESP8266_SetDataTransmissionMode          0x00000fe1   Thumb Code   114  esp8266.o(.text.ESP8266_SetDataTransmissionMode)
    ESP8266_SetWifiMode                      0x00001055   Thumb Code   130  esp8266.o(.text.ESP8266_SetWifiMode)
    LED_GreenOff                             0x000010d9   Thumb Code    14  led.o(.text.LED_GreenOff)
    LED_GreenOn                              0x000010e9   Thumb Code    14  led.o(.text.LED_GreenOn)
    LED_Init                                 0x000010f9   Thumb Code   144  led.o(.text.LED_Init)
    LED_RedOff                               0x00001189   Thumb Code    14  led.o(.text.LED_RedOff)
    LED_RedOn                                0x00001199   Thumb Code    14  led.o(.text.LED_RedOn)
    Output_Init                              0x000011a9   Thumb Code     8  uart.o(.text.Output_Init)
    PLL_Init                                 0x000011b1   Thumb Code   138  pll.o(.text.PLL_Init)
    PortF_Init                               0x0000123d   Thumb Code   164  main.o(.text.PortF_Init)
    RxFifo_Init                              0x000012e1   Thumb Code    42  uart.o(.text.RxFifo_Init)
    RxFifo_Put                               0x0000130d   Thumb Code    86  uart.o(.text.RxFifo_Put)
    RxFifo_Size                              0x00001365   Thumb Code    26  uart.o(.text.RxFifo_Size)
    SearchCheck                              0x00001381   Thumb Code   142  esp8266.o(.text.SearchCheck)
    SearchStart                              0x00001411   Thumb Code    58  esp8266.o(.text.SearchStart)
    ServerResponseSearchCheck                0x0000144d   Thumb Code   350  esp8266.o(.text.ServerResponseSearchCheck)
    ServerResponseSearchStart                0x000015ad   Thumb Code    68  esp8266.o(.text.ServerResponseSearchStart)
    TxFifo_Get                               0x000015f1   Thumb Code    82  uart.o(.text.TxFifo_Get)
    TxFifo_Init                              0x00001645   Thumb Code    42  uart.o(.text.TxFifo_Init)
    TxFifo_Put                               0x00001671   Thumb Code    86  uart.o(.text.TxFifo_Put)
    TxFifo_Size                              0x000016c9   Thumb Code    26  uart.o(.text.TxFifo_Size)
    UART0_Handler                            0x000016e5   Thumb Code   138  uart.o(.text.UART0_Handler)
    UART1_Handler                            0x00001771   Thumb Code    76  esp8266.o(.text.UART1_Handler)
    UART_Init                                0x000017bd   Thumb Code   234  uart.o(.text.UART_Init)
    UART_OutChar                             0x000018a9   Thumb Code    60  uart.o(.text.UART_OutChar)
    UART_OutCharNonBlock                     0x000018e5   Thumb Code    60  uart.o(.text.UART_OutCharNonBlock)
    UART_OutString                           0x00001921   Thumb Code    38  uart.o(.text.UART_OutString)
    fputc                                    0x000019f5   Thumb Code    22  uart.o(.text.fputc)
    lc                                       0x00001a0d   Thumb Code    48  esp8266.o(.text.lc)
    main                                     0x00001a3d   Thumb Code   256  main.o(.text.main)
    __0printf                                0x00001b3d   Thumb Code    22  printfa.o(i.__0printf)
    __1printf                                0x00001b3d   Thumb Code     0  printfa.o(i.__0printf)
    __2printf                                0x00001b3d   Thumb Code     0  printfa.o(i.__0printf)
    __c89printf                              0x00001b3d   Thumb Code     0  printfa.o(i.__0printf)
    printf                                   0x00001b3d   Thumb Code     0  printfa.o(i.__0printf)
    __0sprintf                               0x00001b5d   Thumb Code    34  printfa.o(i.__0sprintf)
    __1sprintf                               0x00001b5d   Thumb Code     0  printfa.o(i.__0sprintf)
    __2sprintf                               0x00001b5d   Thumb Code     0  printfa.o(i.__0sprintf)
    __c89sprintf                             0x00001b5d   Thumb Code     0  printfa.o(i.__0sprintf)
    sprintf                                  0x00001b5d   Thumb Code     0  printfa.o(i.__0sprintf)
    __scatterload_copy                       0x00001b85   Thumb Code    14  handlers.o(i.__scatterload_copy)
    __scatterload_null                       0x00001b93   Thumb Code     2  handlers.o(i.__scatterload_null)
    __scatterload_zeroinit                   0x00001b95   Thumb Code    14  handlers.o(i.__scatterload_zeroinit)
    Region$$Table$$Base                      0x000027d0   Number         0  anon$$obj.o(Region$$Table)
    Region$$Table$$Limit                     0x000027f0   Number         0  anon$$obj.o(Region$$Table)
    __stdout                                 0x20000000   Data           4  stdout.o(.data)
    ServerResponseSearchString               0x20000004   Data          16  esp8266.o(.data.ServerResponseSearchString)
    CurrentReturnIndex                       0x20000018   Data           4  esp8266.o(.bss.CurrentReturnIndex)
    ESP8266_EchoResponse                     0x2000001c   Data           1  esp8266.o(.bss.ESP8266_EchoResponse)
    ESP8266_InputProcessingEnabled           0x2000001d   Data           1  esp8266.o(.bss.ESP8266_InputProcessingEnabled)
    LastReturnIndex                          0x20000020   Data           4  esp8266.o(.bss.LastReturnIndex)
    RXBuffer                                 0x20000024   Data        1024  esp8266.o(.bss.RXBuffer)
    RXBufferIndex                            0x20000424   Data           4  esp8266.o(.bss.RXBufferIndex)
    RxGetI                                   0x20000828   Data           4  uart.o(.bss.RxGetI)
    RxPutI                                   0x2000082c   Data           4  uart.o(.bss.RxPutI)
    SearchFound                              0x20000830   Data           1  esp8266.o(.bss.SearchFound)
    SearchIndex                              0x20000834   Data           4  esp8266.o(.bss.SearchIndex)
    SearchLooking                            0x20000838   Data           1  esp8266.o(.bss.SearchLooking)
    SearchString                             0x20000839   Data          32  esp8266.o(.bss.SearchString)
    ServerResponseBuffer                     0x20000859   Data        1024  esp8266.o(.bss.ServerResponseBuffer)
    ServerResponseIndex                      0x20000c5c   Data           4  esp8266.o(.bss.ServerResponseIndex)
    ServerResponseSearchFinished             0x20000c60   Data           4  esp8266.o(.bss.ServerResponseSearchFinished)
    ServerResponseSearchIndex                0x20000c64   Data           4  esp8266.o(.bss.ServerResponseSearchIndex)
    ServerResponseSearchLooking              0x20000c68   Data           4  esp8266.o(.bss.ServerResponseSearchLooking)
    TXBuffer                                 0x20000c6c   Data        1024  esp8266.o(.bss.TXBuffer)
    TXBuffer1                                0x2000106c   Data        1024  main.o(.bss.TXBuffer1)
    TxGetI                                   0x2000186c   Data           4  uart.o(.bss.TxGetI)
    TxPutI                                   0x20001870   Data           4  uart.o(.bss.TxPutI)
    __initial_sp                             0x20001c78   Data           0  startup.o(STACK)



==============================================================================

Memory Map of the image

  Image Entry point : 0x0000026d

  Load Region LR_1 (Base: 0x00000000, Size: 0x00002804, Max: 0xffffffff, ABSOLUTE)

    Execution Region ER_RO (Exec base: 0x00000000, Load base: 0x00000000, Size: 0x000027f0, Max: 0xffffffff, ABSOLUTE)

    Exec Addr    Load Addr    Size         Type   Attr      Idx    E Section Name        Object

    0x00000000   0x00000000   0x00000284   Code   RO            3  * RESET               startup.o
    0x00000284   0x00000284   0x00000000   Code   RO          223  * .ARM.Collect$$$$00000000  mc_w.l(entry.o)
    0x00000284   0x00000284   0x00000004   Code   RO          264    .ARM.Collect$$$$00000001  mc_w.l(entry2.o)
    0x00000288   0x00000288   0x00000004   Code   RO          267    .ARM.Collect$$$$00000004  mc_w.l(entry5.o)
    0x0000028c   0x0000028c   0x00000000   Code   RO          269    .ARM.Collect$$$$00000008  mc_w.l(entry7b.o)
    0x0000028c   0x0000028c   0x00000000   Code   RO          271    .ARM.Collect$$$$0000000A  mc_w.l(entry8b.o)
    0x0000028c   0x0000028c   0x00000008   Code   RO          272    .ARM.Collect$$$$0000000B  mc_w.l(entry9a.o)
    0x00000294   0x00000294   0x00000000   Code   RO          274    .ARM.Collect$$$$0000000D  mc_w.l(entry10a.o)
    0x00000294   0x00000294   0x00000000   Code   RO          276    .ARM.Collect$$$$0000000F  mc_w.l(entry11a.o)
    0x00000294   0x00000294   0x00000004   Code   RO          265    .ARM.Collect$$$$00002712  mc_w.l(entry2.o)
    0x00000298   0x00000298   0x0000001c   Code   RO            4    .text               startup.o
    0x000002b4   0x000002b4   0x0000000e   Code   RO          230    .text               mc_w.l(strlen.o)
    0x000002c2   0x000002c2   0x00000012   Code   RO          232    .text               mc_w.l(strcpy.o)
    0x000002d4   0x000002d4   0x0000002c   Code   RO          288    .text               mc_w.l(uidiv.o)
    0x00000300   0x00000300   0x00000062   Code   RO          290    .text               mc_w.l(uldiv.o)
    0x00000362   0x00000362   0x00000000   Code   RO          292    .text               mc_w.l(iusefp.o)
    0x00000362   0x00000362   0x0000014e   Code   RO          293    .text               mf_w.l(dadd.o)
    0x000004b0   0x000004b0   0x000000e4   Code   RO          295    .text               mf_w.l(dmul.o)
    0x00000594   0x00000594   0x000000de   Code   RO          297    .text               mf_w.l(ddiv.o)
    0x00000672   0x00000672   0x00000030   Code   RO          299    .text               mf_w.l(dfixul.o)
    0x000006a2   0x000006a2   0x00000002   PAD
    0x000006a4   0x000006a4   0x00000030   Code   RO          301    .text               mf_w.l(cdrcmple.o)
    0x000006d4   0x000006d4   0x00000030   Code   RO          303    .text               mc_w.l(init.o)
    0x00000704   0x00000704   0x0000001e   Code   RO          305    .text               mc_w.l(llshl.o)
    0x00000722   0x00000722   0x00000020   Code   RO          307    .text               mc_w.l(llushr.o)
    0x00000742   0x00000742   0x00000024   Code   RO          309    .text               mc_w.l(llsshr.o)
    0x00000766   0x00000766   0x000000ba   Code   RO          311    .text               mf_w.l(depilogue.o)
    0x00000820   0x00000820   0x0000002e   Code   RO          146    .text.DelayMs       esp8266.o
    0x0000084e   0x0000084e   0x00000002   PAD
    0x00000850   0x00000850   0x00000040   Code   RO          148    .text.DelayMsSearching  esp8266.o
    0x00000890   0x00000890   0x000000c0   Code   RO          136    .text.ESP8266FIFOtoBuffer  esp8266.o
    0x00000950   0x00000950   0x0000002a   Code   RO          144    .text.ESP8266SendCommand  esp8266.o
    0x0000097a   0x0000097a   0x00000002   PAD
    0x0000097c   0x0000097c   0x0000005a   Code   RO          174    .text.ESP8266_CloseTCPConnection  esp8266.o
    0x000009d6   0x000009d6   0x00000002   PAD
    0x000009d8   0x000009d8   0x0000000e   Code   RO          138    .text.ESP8266_EnableRXInterrupt  esp8266.o
    0x000009e6   0x000009e6   0x00000002   PAD
    0x000009e8   0x000009e8   0x0000005a   Code   RO          158    .text.ESP8266_GetIPAddress  esp8266.o
    0x00000a42   0x00000a42   0x00000002   PAD
    0x00000a44   0x00000a44   0x0000005a   Code   RO          176    .text.ESP8266_GetStatus  esp8266.o
    0x00000a9e   0x00000a9e   0x00000002   PAD
    0x00000aa0   0x00000aa0   0x0000005a   Code   RO          178    .text.ESP8266_GetVersionNumber  esp8266.o
    0x00000afa   0x00000afa   0x00000002   PAD
    0x00000afc   0x00000afc   0x0000010e   Code   RO          150    .text.ESP8266_Init  esp8266.o
    0x00000c0a   0x00000c0a   0x00000002   PAD
    0x00000c0c   0x00000c0c   0x0000013e   Code   RO          132    .text.ESP8266_InitUART  esp8266.o
    0x00000d4a   0x00000d4a   0x00000002   PAD
    0x00000d4c   0x00000d4c   0x00000072   Code   RO          156    .text.ESP8266_JoinAccessPoint  esp8266.o
    0x00000dbe   0x00000dbe   0x00000002   PAD
    0x00000dc0   0x00000dc0   0x0000005a   Code   RO          160    .text.ESP8266_ListAccessPoints  esp8266.o
    0x00000e1a   0x00000e1a   0x00000002   PAD
    0x00000e1c   0x00000e1c   0x0000006e   Code   RO          170    .text.ESP8266_MakeTCPConnection  esp8266.o
    0x00000e8a   0x00000e8a   0x00000002   PAD
    0x00000e8c   0x00000e8c   0x0000002e   Code   RO          142    .text.ESP8266_PrintChar  esp8266.o
    0x00000eba   0x00000eba   0x00000002   PAD
    0x00000ebc   0x00000ebc   0x0000007c   Code   RO          152    .text.ESP8266_Reset  esp8266.o
    0x00000f38   0x00000f38   0x000000a6   Code   RO          172    .text.ESP8266_SendTCP  esp8266.o
    0x00000fde   0x00000fde   0x00000002   PAD
    0x00000fe0   0x00000fe0   0x00000072   Code   RO          162    .text.ESP8266_SetDataTransmissionMode  esp8266.o
    0x00001052   0x00001052   0x00000002   PAD
    0x00001054   0x00001054   0x00000082   Code   RO          154    .text.ESP8266_SetWifiMode  esp8266.o
    0x000010d6   0x000010d6   0x00000002   PAD
    0x000010d8   0x000010d8   0x0000000e   Code   RO          113    .text.LED_GreenOff  led.o
    0x000010e6   0x000010e6   0x00000002   PAD
    0x000010e8   0x000010e8   0x0000000e   Code   RO          111    .text.LED_GreenOn   led.o
    0x000010f6   0x000010f6   0x00000002   PAD
    0x000010f8   0x000010f8   0x00000090   Code   RO           97    .text.LED_Init      led.o
    0x00001188   0x00001188   0x0000000e   Code   RO          103    .text.LED_RedOff    led.o
    0x00001196   0x00001196   0x00000002   PAD
    0x00001198   0x00001198   0x0000000e   Code   RO          101    .text.LED_RedOn     led.o
    0x000011a6   0x000011a6   0x00000002   PAD
    0x000011a8   0x000011a8   0x00000008   Code   RO           82    .text.Output_Init   uart.o
    0x000011b0   0x000011b0   0x0000008a   Code   RO           28    .text.PLL_Init      pll.o
    0x0000123a   0x0000123a   0x00000002   PAD
    0x0000123c   0x0000123c   0x000000a4   Code   RO           13    .text.PortF_Init    main.o
    0x000012e0   0x000012e0   0x0000002a   Code   RO           36    .text.RxFifo_Init   uart.o
    0x0000130a   0x0000130a   0x00000002   PAD
    0x0000130c   0x0000130c   0x00000056   Code   RO           38    .text.RxFifo_Put    uart.o
    0x00001362   0x00001362   0x00000002   PAD
    0x00001364   0x00001364   0x0000001a   Code   RO           42    .text.RxFifo_Size   uart.o
    0x0000137e   0x0000137e   0x00000002   PAD
    0x00001380   0x00001380   0x0000008e   Code   RO          126    .text.SearchCheck   esp8266.o
    0x0000140e   0x0000140e   0x00000002   PAD
    0x00001410   0x00001410   0x0000003a   Code   RO          124    .text.SearchStart   esp8266.o
    0x0000144a   0x0000144a   0x00000002   PAD
    0x0000144c   0x0000144c   0x0000015e   Code   RO          130    .text.ServerResponseSearchCheck  esp8266.o
    0x000015aa   0x000015aa   0x00000002   PAD
    0x000015ac   0x000015ac   0x00000044   Code   RO          128    .text.ServerResponseSearchStart  esp8266.o
    0x000015f0   0x000015f0   0x00000052   Code   RO           48    .text.TxFifo_Get    uart.o
    0x00001642   0x00001642   0x00000002   PAD
    0x00001644   0x00001644   0x0000002a   Code   RO           44    .text.TxFifo_Init   uart.o
    0x0000166e   0x0000166e   0x00000002   PAD
    0x00001670   0x00001670   0x00000056   Code   RO           46    .text.TxFifo_Put    uart.o
    0x000016c6   0x000016c6   0x00000002   PAD
    0x000016c8   0x000016c8   0x0000001a   Code   RO           50    .text.TxFifo_Size   uart.o
    0x000016e2   0x000016e2   0x00000002   PAD
    0x000016e4   0x000016e4   0x0000008a   Code   RO           64    .text.UART0_Handler  uart.o
    0x0000176e   0x0000176e   0x00000002   PAD
    0x00001770   0x00001770   0x0000004c   Code   RO          134    .text.UART1_Handler  esp8266.o
    0x000017bc   0x000017bc   0x000000ea   Code   RO           52    .text.UART_Init     uart.o
    0x000018a6   0x000018a6   0x00000002   PAD
    0x000018a8   0x000018a8   0x0000003c   Code   RO           58    .text.UART_OutChar  uart.o
    0x000018e4   0x000018e4   0x0000003c   Code   RO           62    .text.UART_OutCharNonBlock  uart.o
    0x00001920   0x00001920   0x00000026   Code   RO           68    .text.UART_OutString  uart.o
    0x00001946   0x00001946   0x00000002   PAD
    0x00001948   0x00001948   0x00000056   Code   RO           66    .text.copyHardwareToSoftware  uart.o
    0x0000199e   0x0000199e   0x00000002   PAD
    0x000019a0   0x000019a0   0x00000052   Code   RO           60    .text.copySoftwareToHardware  uart.o
    0x000019f2   0x000019f2   0x00000002   PAD
    0x000019f4   0x000019f4   0x00000016   Code   RO           80    .text.fputc         uart.o
    0x00001a0a   0x00001a0a   0x00000002   PAD
    0x00001a0c   0x00001a0c   0x00000030   Code   RO          122    .text.lc            esp8266.o
    0x00001a3c   0x00001a3c   0x00000100   Code   RO           15    .text.main          main.o
    0x00001b3c   0x00001b3c   0x00000020   Code   RO          237    i.__0printf         mc_w.l(printfa.o)
    0x00001b5c   0x00001b5c   0x00000028   Code   RO          239    i.__0sprintf        mc_w.l(printfa.o)
    0x00001b84   0x00001b84   0x0000000e   Code   RO          315    i.__scatterload_copy  mc_w.l(handlers.o)
    0x00001b92   0x00001b92   0x00000002   Code   RO          316    i.__scatterload_null  mc_w.l(handlers.o)
    0x00001b94   0x00001b94   0x0000000e   Code   RO          317    i.__scatterload_zeroinit  mc_w.l(handlers.o)
    0x00001ba2   0x00001ba2   0x00000002   PAD
    0x00001ba4   0x00001ba4   0x00000184   Code   RO          244    i._fp_digits        mc_w.l(printfa.o)
    0x00001d28   0x00001d28   0x000006dc   Code   RO          245    i._printf_core      mc_w.l(printfa.o)
    0x00002404   0x00002404   0x00000024   Code   RO          246    i._printf_post_padding  mc_w.l(printfa.o)
    0x00002428   0x00002428   0x0000002e   Code   RO          247    i._printf_pre_padding  mc_w.l(printfa.o)
    0x00002456   0x00002456   0x0000000a   Code   RO          249    i._sputc            mc_w.l(printfa.o)
    0x00002460   0x00002460   0x000000d4   Data   RO           18    .rodata.str1.1      main.o
    0x00002534   0x00002534   0x0000029c   Data   RO          210    .rodata.str1.1      esp8266.o
    0x000027d0   0x000027d0   0x00000020   Data   RO          314    Region$$Table       anon$$obj.o


    Execution Region ER_RW (Exec base: 0x20000000, Load base: 0x000027f0, Size: 0x00000014, Max: 0xffffffff, ABSOLUTE)

    Exec Addr    Load Addr    Size         Type   Attr      Idx    E Section Name        Object

    0x20000000   0x000027f0   0x00000004   Data   RW          278    .data               mc_w.l(stdout.o)
    0x20000004   0x000027f4   0x00000010   Data   RW          206    .data.ServerResponseSearchString  esp8266.o


    Execution Region ER_ZI (Exec base: 0x20000018, Load base: 0x00002804, Size: 0x00001c60, Max: 0xffffffff, ABSOLUTE)

    Exec Addr    Load Addr    Size         Type   Attr      Idx    E Section Name        Object

    0x20000018        -       0x00000004   Zero   RW          192    .bss.CurrentReturnIndex  esp8266.o
    0x2000001c        -       0x00000001   Zero   RW          195    .bss.ESP8266_EchoResponse  esp8266.o
    0x2000001d        -       0x00000001   Zero   RW          200    .bss.ESP8266_InputProcessingEnabled  esp8266.o
    0x2000001e   0x00002804   0x00000002   PAD
    0x20000020        -       0x00000004   Zero   RW          191    .bss.LastReturnIndex  esp8266.o
    0x20000024        -       0x00000400   Zero   RW          212    .bss.RXBuffer       esp8266.o
    0x20000424        -       0x00000004   Zero   RW          190    .bss.RXBufferIndex  esp8266.o
    0x20000428        -       0x00000400   Zero   RW           86    .bss.RxFifo         uart.o
    0x20000828        -       0x00000004   Zero   RW           84    .bss.RxGetI         uart.o
    0x2000082c        -       0x00000004   Zero   RW           85    .bss.RxPutI         uart.o
    0x20000830        -       0x00000001   Zero   RW          203    .bss.SearchFound    esp8266.o
    0x20000831   0x00002804   0x00000003   PAD
    0x20000834        -       0x00000004   Zero   RW          204    .bss.SearchIndex    esp8266.o
    0x20000838        -       0x00000001   Zero   RW          202    .bss.SearchLooking  esp8266.o
    0x20000839        -       0x00000020   Zero   RW          205    .bss.SearchString   esp8266.o
    0x20000859        -       0x00000400   Zero   RW          211    .bss.ServerResponseBuffer  esp8266.o
    0x20000c59   0x00002804   0x00000003   PAD
    0x20000c5c        -       0x00000004   Zero   RW          193    .bss.ServerResponseIndex  esp8266.o
    0x20000c60        -       0x00000004   Zero   RW          207    .bss.ServerResponseSearchFinished  esp8266.o
    0x20000c64        -       0x00000004   Zero   RW          208    .bss.ServerResponseSearchIndex  esp8266.o
    0x20000c68        -       0x00000004   Zero   RW          209    .bss.ServerResponseSearchLooking  esp8266.o
    0x20000c6c        -       0x00000400   Zero   RW          213    .bss.TXBuffer       esp8266.o
    0x2000106c        -       0x00000400   Zero   RW           19    .bss.TXBuffer1      main.o
    0x2000146c        -       0x00000400   Zero   RW           89    .bss.TxFifo         uart.o
    0x2000186c        -       0x00000004   Zero   RW           87    .bss.TxGetI         uart.o
    0x20001870        -       0x00000004   Zero   RW           88    .bss.TxPutI         uart.o
    0x20001874   0x00002804   0x00000004   PAD
    0x20001878        -       0x00000400   Zero   RW            1    STACK               startup.o


==============================================================================

Image component sizes


      Code (inc. data)   RO Data    RW Data    ZI Data      Debug   Object Name

      2942          0        668         16       3140       8902   esp8266.o
       200          0          0          0          0       1251   led.o
       420          0        212          0       1024       1202   main.o
       138          0          0          0          0        618   pll.o
       672        622          0          0       1024       1060   startup.o
      1118          0          0          0       2064       4775   uart.o

    ----------------------------------------------------------------------
      5564        622        912         16       7264      17808   Object Totals
         0          0         32          0          0          0   (incl. Generated)
        74          0          0          0         12          0   (incl. Padding)

    ----------------------------------------------------------------------

      Code (inc. data)   RO Data    RW Data    ZI Data      Debug   Library Member Name

         0          0          0          0          0          0   entry.o
         0          0          0          0          0          0   entry10a.o
         0          0          0          0          0          0   entry11a.o
         8          4          0          0          0          0   entry2.o
         4          0          0          0          0          0   entry5.o
         0          0          0          0          0          0   entry7b.o
         0          0          0          0          0          0   entry8b.o
         8          4          0          0          0          0   entry9a.o
        30          0          0          0          0          0   handlers.o
        48         10          0          0          0         68   init.o
         0          0          0          0          0          0   iusefp.o
        30          0          0          0          0         68   llshl.o
        36          0          0          0          0         68   llsshr.o
        32          0          0          0          0         68   llushr.o
      2308         96          0          0          0        604   printfa.o
         0          0          0          4          0          0   stdout.o
        18          0          0          0          0         68   strcpy.o
        14          0          0          0          0         68   strlen.o
        44          0          0          0          0         80   uidiv.o
        98          0          0          0          0         92   uldiv.o
        48          0          0          0          0         68   cdrcmple.o
       334          0          0          0          0        148   dadd.o
       222          0          0          0          0        100   ddiv.o
       186          0          0          0          0        176   depilogue.o
        48          0          0          0          0         68   dfixul.o
       228          0          0          0          0         96   dmul.o

    ----------------------------------------------------------------------
      3748        114          0          4          0       1840   Library Totals
         4          0          0          0          0          0   (incl. Padding)

    ----------------------------------------------------------------------

      Code (inc. data)   RO Data    RW Data    ZI Data      Debug   Library Name

      2678        114          0          4          0       1184   mc_w.l
      1066          0          0          0          0        656   mf_w.l

    ----------------------------------------------------------------------
      3748        114          0          4          0       1840   Library Totals

    ----------------------------------------------------------------------

==============================================================================


      Code (inc. data)   RO Data    RW Data    ZI Data      Debug   

      9312        736        912         20       7264      18836   Grand Totals
      9312        736        912         20       7264      18836   ELF Image Totals
      9312        736        912         20          0          0   ROM Totals

==============================================================================

    Total RO  Size (Code + RO Data)                10224 (   9.98kB)
    Total RW  Size (RW Data + ZI Data)              7284 (   7.11kB)
    Total ROM Size (Code + RO Data + RW Data)      10244 (  10.00kB)

==============================================================================

